2025-08-22T02:11:38.0755305Z Current runner version: '2.328.0'
2025-08-22T02:11:38.0779697Z ##[group]Runner Image Provisioner
2025-08-22T02:11:38.0780428Z Hosted Compute Agent
2025-08-22T02:11:38.0780963Z Version: 20250821.380
2025-08-22T02:11:38.0781643Z Commit: 438d12cb4fe092871db9867344e3bc0bc5319035
2025-08-22T02:11:38.0782368Z Build Date: 2025-08-21T20:49:43Z
2025-08-22T02:11:38.0782924Z ##[endgroup]
2025-08-22T02:11:38.0783515Z ##[group]Operating System
2025-08-22T02:11:38.0784124Z Ubuntu
2025-08-22T02:11:38.0784579Z 24.04.2
2025-08-22T02:11:38.0785098Z LTS
2025-08-22T02:11:38.0785551Z ##[endgroup]
2025-08-22T02:11:38.0786045Z ##[group]Runner Image
2025-08-22T02:11:38.0786582Z Image: ubuntu-24.04
2025-08-22T02:11:38.0787282Z Version: 20250818.1.0
2025-08-22T02:11:38.0788293Z Included Software: https://github.com/actions/runner-images/blob/ubuntu24/20250818.1/images/ubuntu/Ubuntu2404-Readme.md
2025-08-22T02:11:38.0789887Z Image Release: https://github.com/actions/runner-images/releases/tag/ubuntu24%2F20250818.1
2025-08-22T02:11:38.0790839Z ##[endgroup]
2025-08-22T02:11:38.0792097Z ##[group]GITHUB_TOKEN Permissions
2025-08-22T02:11:38.0794175Z Checks: write
2025-08-22T02:11:38.0794846Z Contents: read
2025-08-22T02:11:38.0795338Z Issues: write
2025-08-22T02:11:38.0795861Z Metadata: read
2025-08-22T02:11:38.0796307Z PullRequests: write
2025-08-22T02:11:38.0797210Z ##[endgroup]
2025-08-22T02:11:38.0799799Z Secret source: Actions
2025-08-22T02:11:38.0800710Z Prepare workflow directory
2025-08-22T02:11:38.1117184Z Prepare all required actions
2025-08-22T02:11:38.1154426Z Getting action download info
2025-08-22T02:11:38.4128262Z Download action repository 'actions/checkout@v4' (SHA:08eba0b27e820071cde6df949e0beb9ba4906955)
2025-08-22T02:11:38.4809989Z Download action repository 'actions/setup-node@v4' (SHA:49933ea5288caeca8642d1e84afbd3f7d6820020)
2025-08-22T02:11:38.5691425Z Download action repository 'actions/upload-artifact@v4' (SHA:ea165f8d65b6e75b540449e92b4886f43607fa02)
2025-08-22T02:11:38.7268299Z Download action repository 'actions/github-script@v7' (SHA:60a0d83039c74a4aee543508d2ffcb1c3799cdea)
2025-08-22T02:11:39.0256537Z Complete job name: Clipper Tests
2025-08-22T02:11:39.0966962Z ##[group]Run actions/checkout@v4
2025-08-22T02:11:39.0967864Z with:
2025-08-22T02:11:39.0968277Z   repository: NolanFoster/seasoned-app
2025-08-22T02:11:39.0968967Z   token: ***
2025-08-22T02:11:39.0969361Z   ssh-strict: true
2025-08-22T02:11:39.0969759Z   ssh-user: git
2025-08-22T02:11:39.0970171Z   persist-credentials: true
2025-08-22T02:11:39.0970618Z   clean: true
2025-08-22T02:11:39.0971028Z   sparse-checkout-cone-mode: true
2025-08-22T02:11:39.0971513Z   fetch-depth: 1
2025-08-22T02:11:39.0971958Z   fetch-tags: false
2025-08-22T02:11:39.0972357Z   show-progress: true
2025-08-22T02:11:39.0972780Z   lfs: false
2025-08-22T02:11:39.0973162Z   submodules: false
2025-08-22T02:11:39.0973576Z   set-safe-directory: true
2025-08-22T02:11:39.0974240Z ##[endgroup]
2025-08-22T02:11:39.2062025Z Syncing repository: NolanFoster/seasoned-app
2025-08-22T02:11:39.2063902Z ##[group]Getting Git version info
2025-08-22T02:11:39.2064775Z Working directory is '/home/runner/work/seasoned-app/seasoned-app'
2025-08-22T02:11:39.2065803Z [command]/usr/bin/git version
2025-08-22T02:11:39.2120363Z git version 2.51.0
2025-08-22T02:11:39.2146162Z ##[endgroup]
2025-08-22T02:11:39.2160241Z Temporarily overriding HOME='/home/runner/work/_temp/d2ebe34c-ba47-466e-9d26-6cca23ecdecc' before making global git config changes
2025-08-22T02:11:39.2161921Z Adding repository directory to the temporary git global config as a safe directory
2025-08-22T02:11:39.2165316Z [command]/usr/bin/git config --global --add safe.directory /home/runner/work/seasoned-app/seasoned-app
2025-08-22T02:11:39.2200888Z Deleting the contents of '/home/runner/work/seasoned-app/seasoned-app'
2025-08-22T02:11:39.2204365Z ##[group]Initializing the repository
2025-08-22T02:11:39.2208261Z [command]/usr/bin/git init /home/runner/work/seasoned-app/seasoned-app
2025-08-22T02:11:39.2269742Z hint: Using 'master' as the name for the initial branch. This default branch name
2025-08-22T02:11:39.2271329Z hint: is subject to change. To configure the initial branch name to use in all
2025-08-22T02:11:39.2272941Z hint: of your new repositories, which will suppress this warning, call:
2025-08-22T02:11:39.2274606Z hint:
2025-08-22T02:11:39.2275568Z hint: 	git config --global init.defaultBranch <name>
2025-08-22T02:11:39.2277419Z hint:
2025-08-22T02:11:39.2278841Z hint: Names commonly chosen instead of 'master' are 'main', 'trunk' and
2025-08-22T02:11:39.2281286Z hint: 'development'. The just-created branch can be renamed via this command:
2025-08-22T02:11:39.2283062Z hint:
2025-08-22T02:11:39.2284090Z hint: 	git branch -m <name>
2025-08-22T02:11:39.2284895Z hint:
2025-08-22T02:11:39.2285908Z hint: Disable this message with "git config set advice.defaultBranchName false"
2025-08-22T02:11:39.2288788Z Initialized empty Git repository in /home/runner/work/seasoned-app/seasoned-app/.git/
2025-08-22T02:11:39.2291764Z [command]/usr/bin/git remote add origin https://github.com/NolanFoster/seasoned-app
2025-08-22T02:11:39.2333093Z ##[endgroup]
2025-08-22T02:11:39.2334331Z ##[group]Disabling automatic garbage collection
2025-08-22T02:11:39.2338545Z [command]/usr/bin/git config --local gc.auto 0
2025-08-22T02:11:39.2368370Z ##[endgroup]
2025-08-22T02:11:39.2369595Z ##[group]Setting up auth
2025-08-22T02:11:39.2375940Z [command]/usr/bin/git config --local --name-only --get-regexp core\.sshCommand
2025-08-22T02:11:39.2407200Z [command]/usr/bin/git submodule foreach --recursive sh -c "git config --local --name-only --get-regexp 'core\.sshCommand' && git config --local --unset-all 'core.sshCommand' || :"
2025-08-22T02:11:39.2700031Z [command]/usr/bin/git config --local --name-only --get-regexp http\.https\:\/\/github\.com\/\.extraheader
2025-08-22T02:11:39.2732660Z [command]/usr/bin/git submodule foreach --recursive sh -c "git config --local --name-only --get-regexp 'http\.https\:\/\/github\.com\/\.extraheader' && git config --local --unset-all 'http.https://github.com/.extraheader' || :"
2025-08-22T02:11:39.2954243Z [command]/usr/bin/git config --local http.https://github.com/.extraheader AUTHORIZATION: basic ***
2025-08-22T02:11:39.2990924Z ##[endgroup]
2025-08-22T02:11:39.2992209Z ##[group]Fetching the repository
2025-08-22T02:11:39.3000913Z [command]/usr/bin/git -c protocol.version=2 fetch --no-tags --prune --no-recurse-submodules --depth=1 origin +009daf5fef75a350d3e342c5edb71f391fec11f9:refs/remotes/pull/135/merge
2025-08-22T02:11:39.6483019Z From https://github.com/NolanFoster/seasoned-app
2025-08-22T02:11:39.6485339Z  * [new ref]         009daf5fef75a350d3e342c5edb71f391fec11f9 -> pull/135/merge
2025-08-22T02:11:39.6514441Z ##[endgroup]
2025-08-22T02:11:39.6516467Z ##[group]Determining the checkout info
2025-08-22T02:11:39.6519144Z ##[endgroup]
2025-08-22T02:11:39.6523256Z [command]/usr/bin/git sparse-checkout disable
2025-08-22T02:11:39.6563729Z [command]/usr/bin/git config --local --unset-all extensions.worktreeConfig
2025-08-22T02:11:39.6591974Z ##[group]Checking out the ref
2025-08-22T02:11:39.6595952Z [command]/usr/bin/git checkout --progress --force refs/remotes/pull/135/merge
2025-08-22T02:11:39.6925896Z Note: switching to 'refs/remotes/pull/135/merge'.
2025-08-22T02:11:39.6927745Z 
2025-08-22T02:11:39.6928980Z You are in 'detached HEAD' state. You can look around, make experimental
2025-08-22T02:11:39.6931639Z changes and commit them, and you can discard any commits you make in this
2025-08-22T02:11:39.6934775Z state without impacting any branches by switching back to a branch.
2025-08-22T02:11:39.6936389Z 
2025-08-22T02:11:39.6937908Z If you want to create a new branch to retain commits you create, you may
2025-08-22T02:11:39.6941212Z do so (now or later) by using -c with the switch command. Example:
2025-08-22T02:11:39.6942867Z 
2025-08-22T02:11:39.6943458Z   git switch -c <new-branch-name>
2025-08-22T02:11:39.6944289Z 
2025-08-22T02:11:39.6944830Z Or undo this operation with:
2025-08-22T02:11:39.6945607Z 
2025-08-22T02:11:39.6946053Z   git switch -
2025-08-22T02:11:39.6947307Z 
2025-08-22T02:11:39.6948165Z Turn off this advice by setting config variable advice.detachedHead to false
2025-08-22T02:11:39.6949323Z 
2025-08-22T02:11:39.6950648Z HEAD is now at 009daf5 Merge 092454481ceca8f6bc3d2daf17cf450a0df347f1 into 1bc213abd9067f48afe6211ad2a847a9bc07ae89
2025-08-22T02:11:39.6954280Z ##[endgroup]
2025-08-22T02:11:39.6981759Z [command]/usr/bin/git log -1 --format=%H
2025-08-22T02:11:39.7003599Z 009daf5fef75a350d3e342c5edb71f391fec11f9
2025-08-22T02:11:39.7287490Z ##[group]Run actions/setup-node@v4
2025-08-22T02:11:39.7288407Z with:
2025-08-22T02:11:39.7289107Z   node-version: 18
2025-08-22T02:11:39.7289830Z   cache: npm
2025-08-22T02:11:39.7290636Z   cache-dependency-path: clipper/package-lock.json
2025-08-22T02:11:39.7291557Z   always-auth: false
2025-08-22T02:11:39.7292304Z   check-latest: false
2025-08-22T02:11:39.7293243Z   token: ***
2025-08-22T02:11:39.7293949Z ##[endgroup]
2025-08-22T02:11:39.9066504Z Found in cache @ /opt/hostedtoolcache/node/18.20.8/x64
2025-08-22T02:11:39.9072820Z ##[group]Environment details
2025-08-22T02:11:41.5200644Z node: v18.20.8
2025-08-22T02:11:41.5201404Z npm: 10.8.2
2025-08-22T02:11:41.5201719Z yarn: 1.22.22
2025-08-22T02:11:41.5203335Z ##[endgroup]
2025-08-22T02:11:41.5230971Z [command]/opt/hostedtoolcache/node/18.20.8/x64/bin/npm config get cache
2025-08-22T02:11:41.7810402Z /home/runner/.npm
2025-08-22T02:11:41.9013689Z npm cache is not found
2025-08-22T02:11:41.9166020Z ##[group]Run sudo apt-get update
2025-08-22T02:11:41.9166377Z [36;1msudo apt-get update[0m
2025-08-22T02:11:41.9166656Z [36;1msudo apt-get install -y lcov[0m
2025-08-22T02:11:41.9244917Z shell: /usr/bin/bash -e {0}
2025-08-22T02:11:41.9245264Z ##[endgroup]
2025-08-22T02:11:42.0010257Z Get:1 file:/etc/apt/apt-mirrors.txt Mirrorlist [144 B]
2025-08-22T02:11:42.0272747Z Hit:2 http://azure.archive.ubuntu.com/ubuntu noble InRelease
2025-08-22T02:11:42.0291722Z Get:3 http://azure.archive.ubuntu.com/ubuntu noble-updates InRelease [126 kB]
2025-08-22T02:11:42.0293548Z Hit:6 https://packages.microsoft.com/repos/azure-cli noble InRelease
2025-08-22T02:11:42.0334306Z Get:4 http://azure.archive.ubuntu.com/ubuntu noble-backports InRelease [126 kB]
2025-08-22T02:11:42.0359852Z Get:7 https://packages.microsoft.com/ubuntu/24.04/prod noble InRelease [3600 B]
2025-08-22T02:11:42.0370758Z Get:5 http://azure.archive.ubuntu.com/ubuntu noble-security InRelease [126 kB]
2025-08-22T02:11:42.1854977Z Get:8 http://azure.archive.ubuntu.com/ubuntu noble-updates/main amd64 Packages [1350 kB]
2025-08-22T02:11:42.2000601Z Get:9 http://azure.archive.ubuntu.com/ubuntu noble-updates/main Translation-en [269 kB]
2025-08-22T02:11:42.2041440Z Get:10 http://azure.archive.ubuntu.com/ubuntu noble-updates/main amd64 Components [175 kB]
2025-08-22T02:11:42.2052547Z Get:11 http://azure.archive.ubuntu.com/ubuntu noble-updates/universe amd64 Packages [1123 kB]
2025-08-22T02:11:42.2132906Z Get:12 http://azure.archive.ubuntu.com/ubuntu noble-updates/universe Translation-en [288 kB]
2025-08-22T02:11:42.2158650Z Get:13 http://azure.archive.ubuntu.com/ubuntu noble-updates/universe amd64 Components [377 kB]
2025-08-22T02:11:42.2194263Z Get:14 http://azure.archive.ubuntu.com/ubuntu noble-updates/restricted amd64 Packages [1723 kB]
2025-08-22T02:11:42.2329857Z Get:15 http://azure.archive.ubuntu.com/ubuntu noble-updates/restricted Translation-en [383 kB]
2025-08-22T02:11:42.2339683Z Get:16 http://azure.archive.ubuntu.com/ubuntu noble-updates/restricted amd64 Components [212 B]
2025-08-22T02:11:42.2350045Z Get:17 http://azure.archive.ubuntu.com/ubuntu noble-updates/multiverse amd64 Components [940 B]
2025-08-22T02:11:42.2874071Z Get:18 http://azure.archive.ubuntu.com/ubuntu noble-backports/main amd64 Components [7060 B]
2025-08-22T02:11:42.2895164Z Get:19 http://azure.archive.ubuntu.com/ubuntu noble-backports/universe amd64 Components [19.2 kB]
2025-08-22T02:11:42.2904399Z Get:20 http://azure.archive.ubuntu.com/ubuntu noble-backports/restricted amd64 Components [216 B]
2025-08-22T02:11:42.2913255Z Get:21 http://azure.archive.ubuntu.com/ubuntu noble-backports/multiverse amd64 Components [212 B]
2025-08-22T02:11:42.2946436Z Get:22 https://packages.microsoft.com/ubuntu/24.04/prod noble/main amd64 Packages [48.6 kB]
2025-08-22T02:11:42.2989673Z Get:23 https://packages.microsoft.com/ubuntu/24.04/prod noble/main arm64 Packages [33.2 kB]
2025-08-22T02:11:42.3030042Z Get:24 https://packages.microsoft.com/ubuntu/24.04/prod noble/main armhf Packages [9870 B]
2025-08-22T02:11:42.3430334Z Get:25 http://azure.archive.ubuntu.com/ubuntu noble-security/main amd64 Packages [1083 kB]
2025-08-22T02:11:42.3518510Z Get:26 http://azure.archive.ubuntu.com/ubuntu noble-security/main Translation-en [187 kB]
2025-08-22T02:11:42.3528261Z Get:27 http://azure.archive.ubuntu.com/ubuntu noble-security/main amd64 Components [21.6 kB]
2025-08-22T02:11:42.3534121Z Get:28 http://azure.archive.ubuntu.com/ubuntu noble-security/universe amd64 Packages [881 kB]
2025-08-22T02:11:42.3590218Z Get:29 http://azure.archive.ubuntu.com/ubuntu noble-security/universe Translation-en [195 kB]
2025-08-22T02:11:42.3611233Z Get:30 http://azure.archive.ubuntu.com/ubuntu noble-security/universe amd64 Components [52.2 kB]
2025-08-22T02:11:42.3622746Z Get:31 http://azure.archive.ubuntu.com/ubuntu noble-security/restricted amd64 Packages [1631 kB]
2025-08-22T02:11:42.3710202Z Get:32 http://azure.archive.ubuntu.com/ubuntu noble-security/restricted Translation-en [361 kB]
2025-08-22T02:11:42.3738525Z Get:33 http://azure.archive.ubuntu.com/ubuntu noble-security/restricted amd64 Components [212 B]
2025-08-22T02:11:42.3746406Z Get:34 http://azure.archive.ubuntu.com/ubuntu noble-security/multiverse amd64 Components [212 B]
2025-08-22T02:11:51.7870360Z Fetched 10.6 MB in 1s (8158 kB/s)
2025-08-22T02:11:52.4808684Z Reading package lists...
2025-08-22T02:11:52.5140169Z Reading package lists...
2025-08-22T02:11:52.6907370Z Building dependency tree...
2025-08-22T02:11:52.6915388Z Reading state information...
2025-08-22T02:11:52.8459824Z The following additional packages will be installed:
2025-08-22T02:11:52.8460769Z   libalgorithm-c3-perl libb-hooks-endofscope-perl libb-hooks-op-check-perl
2025-08-22T02:11:52.8461660Z   libcapture-tiny-perl libclass-c3-perl libclass-c3-xs-perl
2025-08-22T02:11:52.8462597Z   libclass-data-inheritable-perl libclass-inspector-perl
2025-08-22T02:11:52.8463482Z   libclass-method-modifiers-perl libclass-singleton-perl
2025-08-22T02:11:52.8464455Z   libclass-xsaccessor-perl libdata-optlist-perl libdatetime-locale-perl
2025-08-22T02:11:52.8465326Z   libdatetime-perl libdatetime-timezone-perl libdevel-callchecker-perl
2025-08-22T02:11:52.8466369Z   libdevel-caller-perl libdevel-lexalias-perl libdevel-stacktrace-perl
2025-08-22T02:11:52.8467429Z   libdynaloader-functions-perl libeval-closure-perl libexception-class-perl
2025-08-22T02:11:52.8468289Z   libfile-sharedir-perl libgd-perl libmodule-implementation-perl
2025-08-22T02:11:52.8469115Z   libmodule-runtime-perl libmro-compat-perl libnamespace-autoclean-perl
2025-08-22T02:11:52.8469987Z   libnamespace-clean-perl libpackage-stash-perl libpackage-stash-xs-perl
2025-08-22T02:11:52.8470798Z   libpadwalker-perl libparams-classify-perl libparams-util-perl
2025-08-22T02:11:52.8471631Z   libparams-validationcompiler-perl libperlio-gzip-perl libreadonly-perl
2025-08-22T02:11:52.8472470Z   libref-util-perl libref-util-xs-perl librole-tiny-perl libspecio-perl
2025-08-22T02:11:52.8473351Z   libsub-exporter-perl libsub-exporter-progressive-perl libsub-identify-perl
2025-08-22T02:11:52.8474212Z   libsub-install-perl libsub-name-perl libsub-quote-perl libtry-tiny-perl
2025-08-22T02:11:52.8474879Z   libvariable-magic-perl libxstring-perl
2025-08-22T02:11:52.8484066Z Suggested packages:
2025-08-22T02:11:52.8484496Z   libscalar-number-perl libtest-fatal-perl
2025-08-22T02:11:52.8750362Z The following NEW packages will be installed:
2025-08-22T02:11:52.8751307Z   lcov libalgorithm-c3-perl libb-hooks-endofscope-perl
2025-08-22T02:11:52.8752678Z   libb-hooks-op-check-perl libcapture-tiny-perl libclass-c3-perl
2025-08-22T02:11:52.8754222Z   libclass-c3-xs-perl libclass-data-inheritable-perl libclass-inspector-perl
2025-08-22T02:11:52.8755482Z   libclass-method-modifiers-perl libclass-singleton-perl
2025-08-22T02:11:52.8756963Z   libclass-xsaccessor-perl libdata-optlist-perl libdatetime-locale-perl
2025-08-22T02:11:52.8758058Z   libdatetime-perl libdatetime-timezone-perl libdevel-callchecker-perl
2025-08-22T02:11:52.8758993Z   libdevel-caller-perl libdevel-lexalias-perl libdevel-stacktrace-perl
2025-08-22T02:11:52.8759954Z   libdynaloader-functions-perl libeval-closure-perl libexception-class-perl
2025-08-22T02:11:52.8760940Z   libfile-sharedir-perl libgd-perl libmodule-implementation-perl
2025-08-22T02:11:52.8761839Z   libmodule-runtime-perl libmro-compat-perl libnamespace-autoclean-perl
2025-08-22T02:11:52.8762641Z   libnamespace-clean-perl libpackage-stash-perl libpackage-stash-xs-perl
2025-08-22T02:11:52.8763340Z   libpadwalker-perl libparams-classify-perl libparams-util-perl
2025-08-22T02:11:52.8764057Z   libparams-validationcompiler-perl libperlio-gzip-perl libreadonly-perl
2025-08-22T02:11:52.8764810Z   libref-util-perl libref-util-xs-perl librole-tiny-perl libspecio-perl
2025-08-22T02:11:52.8765570Z   libsub-exporter-perl libsub-exporter-progressive-perl libsub-identify-perl
2025-08-22T02:11:52.8766335Z   libsub-install-perl libsub-name-perl libsub-quote-perl libtry-tiny-perl
2025-08-22T02:11:52.8767039Z   libvariable-magic-perl libxstring-perl
2025-08-22T02:11:52.8938309Z 0 upgraded, 51 newly installed, 0 to remove and 25 not upgraded.
2025-08-22T02:11:52.8938933Z Need to get 4418 kB of archives.
2025-08-22T02:11:52.8939428Z After this operation, 31.7 MB of additional disk space will be used.
2025-08-22T02:11:52.8939970Z Get:1 file:/etc/apt/apt-mirrors.txt Mirrorlist [144 B]
2025-08-22T02:11:52.9298248Z Get:2 http://azure.archive.ubuntu.com/ubuntu noble/main amd64 libcapture-tiny-perl all 0.48-2 [20.2 kB]
2025-08-22T02:11:52.9494954Z Get:3 http://azure.archive.ubuntu.com/ubuntu noble/main amd64 libclass-inspector-perl all 1.36-3 [15.4 kB]
2025-08-22T02:11:52.9680542Z Get:4 http://azure.archive.ubuntu.com/ubuntu noble/main amd64 libfile-sharedir-perl all 1.118-3 [14.0 kB]
2025-08-22T02:11:52.9868118Z Get:5 http://azure.archive.ubuntu.com/ubuntu noble/main amd64 libb-hooks-op-check-perl amd64 0.22-3build1 [9518 B]
2025-08-22T02:11:53.0054360Z Get:6 http://azure.archive.ubuntu.com/ubuntu noble/main amd64 libdynaloader-functions-perl all 0.003-3 [12.1 kB]
2025-08-22T02:11:53.0247666Z Get:7 http://azure.archive.ubuntu.com/ubuntu noble/main amd64 libdevel-callchecker-perl amd64 0.008-2build3 [13.2 kB]
2025-08-22T02:11:53.0442151Z Get:8 http://azure.archive.ubuntu.com/ubuntu noble/main amd64 libparams-classify-perl amd64 0.015-2build5 [20.1 kB]
2025-08-22T02:11:53.0630348Z Get:9 http://azure.archive.ubuntu.com/ubuntu noble/main amd64 libmodule-runtime-perl all 0.016-2 [16.4 kB]
2025-08-22T02:11:53.0817730Z Get:10 http://azure.archive.ubuntu.com/ubuntu noble/main amd64 libtry-tiny-perl all 0.31-2 [20.8 kB]
2025-08-22T02:11:53.1002885Z Get:11 http://azure.archive.ubuntu.com/ubuntu noble/main amd64 libmodule-implementation-perl all 0.09-2 [12.0 kB]
2025-08-22T02:11:53.1193963Z Get:12 http://azure.archive.ubuntu.com/ubuntu noble/main amd64 libsub-exporter-progressive-perl all 0.001013-3 [6718 B]
2025-08-22T02:11:53.1384249Z Get:13 http://azure.archive.ubuntu.com/ubuntu noble/main amd64 libvariable-magic-perl amd64 0.63-1build3 [35.1 kB]
2025-08-22T02:11:53.1580245Z Get:14 http://azure.archive.ubuntu.com/ubuntu noble/main amd64 libb-hooks-endofscope-perl all 0.28-1 [15.8 kB]
2025-08-22T02:11:53.1767139Z Get:15 http://azure.archive.ubuntu.com/ubuntu noble/main amd64 libpackage-stash-perl all 0.40-1 [19.5 kB]
2025-08-22T02:11:53.1953364Z Get:16 http://azure.archive.ubuntu.com/ubuntu noble/main amd64 libsub-identify-perl amd64 0.14-3build3 [9786 B]
2025-08-22T02:11:53.2137312Z Get:17 http://azure.archive.ubuntu.com/ubuntu noble/main amd64 libsub-name-perl amd64 0.27-1build3 [10.8 kB]
2025-08-22T02:11:53.2330834Z Get:18 http://azure.archive.ubuntu.com/ubuntu noble/main amd64 libnamespace-clean-perl all 0.27-2 [14.0 kB]
2025-08-22T02:11:53.2970590Z Get:19 http://azure.archive.ubuntu.com/ubuntu noble/universe amd64 libnamespace-autoclean-perl all 0.29-2 [11.7 kB]
2025-08-22T02:11:53.3159774Z Get:20 http://azure.archive.ubuntu.com/ubuntu noble/main amd64 libparams-util-perl amd64 1.102-2build3 [21.2 kB]
2025-08-22T02:11:53.3348635Z Get:21 http://azure.archive.ubuntu.com/ubuntu noble/main amd64 libsub-install-perl all 0.929-1 [9764 B]
2025-08-22T02:11:53.3554478Z Get:22 http://azure.archive.ubuntu.com/ubuntu noble/main amd64 libdata-optlist-perl all 0.114-1 [9708 B]
2025-08-22T02:11:53.3739990Z Get:23 http://azure.archive.ubuntu.com/ubuntu noble/main amd64 libsub-exporter-perl all 0.990-1 [49.0 kB]
2025-08-22T02:11:53.3933405Z Get:24 http://azure.archive.ubuntu.com/ubuntu noble/universe amd64 libeval-closure-perl all 0.14-3 [10.1 kB]
2025-08-22T02:11:53.4135232Z Get:25 http://azure.archive.ubuntu.com/ubuntu noble/main amd64 libclass-data-inheritable-perl all 0.08-3 [8084 B]
2025-08-22T02:11:53.4322321Z Get:26 http://azure.archive.ubuntu.com/ubuntu noble/main amd64 libdevel-stacktrace-perl all 2.0500-1 [22.1 kB]
2025-08-22T02:11:53.4514760Z Get:27 http://azure.archive.ubuntu.com/ubuntu noble/main amd64 libexception-class-perl all 1.45-1 [28.6 kB]
2025-08-22T02:11:53.4706657Z Get:28 http://azure.archive.ubuntu.com/ubuntu noble/universe amd64 libparams-validationcompiler-perl all 0.31-1 [28.3 kB]
2025-08-22T02:11:53.4908112Z Get:29 http://azure.archive.ubuntu.com/ubuntu noble/universe amd64 libalgorithm-c3-perl all 0.11-2 [10.2 kB]
2025-08-22T02:11:53.5095850Z Get:30 http://azure.archive.ubuntu.com/ubuntu noble/universe amd64 libclass-c3-perl all 0.35-2 [18.4 kB]
2025-08-22T02:11:53.5282576Z Get:31 http://azure.archive.ubuntu.com/ubuntu noble/universe amd64 libmro-compat-perl all 0.15-2 [10.1 kB]
2025-08-22T02:11:53.5469254Z Get:32 http://azure.archive.ubuntu.com/ubuntu noble/main amd64 libclass-method-modifiers-perl all 2.15-1 [16.1 kB]
2025-08-22T02:11:53.5663688Z Get:33 http://azure.archive.ubuntu.com/ubuntu noble/main amd64 librole-tiny-perl all 2.002004-1 [16.3 kB]
2025-08-22T02:11:53.5860760Z Get:34 http://azure.archive.ubuntu.com/ubuntu noble/main amd64 libsub-quote-perl all 2.006008-1ubuntu1 [20.7 kB]
2025-08-22T02:11:53.6054052Z Get:35 http://azure.archive.ubuntu.com/ubuntu noble/universe amd64 libxstring-perl amd64 0.005-2build3 [7852 B]
2025-08-22T02:11:53.6650982Z Get:36 http://azure.archive.ubuntu.com/ubuntu noble/universe amd64 libspecio-perl all 0.48-1 [137 kB]
2025-08-22T02:11:53.6851046Z Get:37 http://azure.archive.ubuntu.com/ubuntu noble/universe amd64 libdatetime-locale-perl all 1:1.37-1 [2833 kB]
2025-08-22T02:11:53.7458106Z Get:38 http://azure.archive.ubuntu.com/ubuntu noble/universe amd64 libclass-singleton-perl all 1.6-2 [11.5 kB]
2025-08-22T02:11:53.7649055Z Get:39 http://azure.archive.ubuntu.com/ubuntu noble/universe amd64 libdatetime-timezone-perl all 1:2.62-1+2024a [262 kB]
2025-08-22T02:11:53.7862764Z Get:40 http://azure.archive.ubuntu.com/ubuntu noble/universe amd64 libdatetime-perl amd64 2:1.65-1build2 [95.8 kB]
2025-08-22T02:11:53.8061233Z Get:41 http://azure.archive.ubuntu.com/ubuntu noble/main amd64 libperlio-gzip-perl amd64 0.20-1build4 [14.6 kB]
2025-08-22T02:11:53.8250763Z Get:42 http://azure.archive.ubuntu.com/ubuntu noble/universe amd64 lcov all 2.0-4ubuntu2 [223 kB]
2025-08-22T02:11:53.8457193Z Get:43 http://azure.archive.ubuntu.com/ubuntu noble/universe amd64 libclass-c3-xs-perl amd64 0.15-1build6 [16.3 kB]
2025-08-22T02:11:53.8643295Z Get:44 http://azure.archive.ubuntu.com/ubuntu noble/main amd64 libclass-xsaccessor-perl amd64 1.19-4build4 [33.1 kB]
2025-08-22T02:11:53.8860832Z Get:45 http://azure.archive.ubuntu.com/ubuntu noble/universe amd64 libpadwalker-perl amd64 2.5-1build6 [15.5 kB]
2025-08-22T02:11:53.9085715Z Get:46 http://azure.archive.ubuntu.com/ubuntu noble/universe amd64 libdevel-caller-perl amd64 2.07-1build3 [9766 B]
2025-08-22T02:11:53.9272462Z Get:47 http://azure.archive.ubuntu.com/ubuntu noble/universe amd64 libdevel-lexalias-perl amd64 0.05-3build4 [8014 B]
2025-08-22T02:11:53.9460018Z Get:48 http://azure.archive.ubuntu.com/ubuntu noble/main amd64 libpackage-stash-xs-perl amd64 0.30-1build4 [18.7 kB]
2025-08-22T02:11:53.9646870Z Get:49 http://azure.archive.ubuntu.com/ubuntu noble/universe amd64 libreadonly-perl all 2.050-3 [19.9 kB]
2025-08-22T02:11:53.9836667Z Get:50 http://azure.archive.ubuntu.com/ubuntu noble/universe amd64 libref-util-perl all 0.204-2 [15.1 kB]
2025-08-22T02:11:54.0028229Z Get:51 http://azure.archive.ubuntu.com/ubuntu noble/universe amd64 libref-util-xs-perl amd64 0.117-2build4 [12.6 kB]
2025-08-22T02:11:54.0219440Z Get:52 http://azure.archive.ubuntu.com/ubuntu noble/main amd64 libgd-perl amd64 2.78-1build3 [129 kB]
2025-08-22T02:11:54.3067865Z Fetched 4418 kB in 1s (3877 kB/s)
2025-08-22T02:11:54.3293570Z Selecting previously unselected package libcapture-tiny-perl.
2025-08-22T02:11:54.3495177Z (Reading database ... 
2025-08-22T02:11:54.3495977Z (Reading database ... 5%
2025-08-22T02:11:54.3496667Z (Reading database ... 10%
2025-08-22T02:11:54.3497519Z (Reading database ... 15%
2025-08-22T02:11:54.3497983Z (Reading database ... 20%
2025-08-22T02:11:54.3498376Z (Reading database ... 25%
2025-08-22T02:11:54.3498763Z (Reading database ... 30%
2025-08-22T02:11:54.3499141Z (Reading database ... 35%
2025-08-22T02:11:54.3499522Z (Reading database ... 40%
2025-08-22T02:11:54.3499901Z (Reading database ... 45%
2025-08-22T02:11:54.3500529Z (Reading database ... 50%
2025-08-22T02:11:54.3588185Z (Reading database ... 55%
2025-08-22T02:11:54.3822907Z (Reading database ... 60%
2025-08-22T02:11:54.3980445Z (Reading database ... 65%
2025-08-22T02:11:54.4141339Z (Reading database ... 70%
2025-08-22T02:11:54.4281396Z (Reading database ... 75%
2025-08-22T02:11:54.4505141Z (Reading database ... 80%
2025-08-22T02:11:54.4901746Z (Reading database ... 85%
2025-08-22T02:11:54.5341414Z (Reading database ... 90%
2025-08-22T02:11:54.5818699Z (Reading database ... 95%
2025-08-22T02:11:54.5819179Z (Reading database ... 100%
2025-08-22T02:11:54.5819925Z (Reading database ... 219830 files and directories currently installed.)
2025-08-22T02:11:54.5866664Z Preparing to unpack .../00-libcapture-tiny-perl_0.48-2_all.deb ...
2025-08-22T02:11:54.5893000Z Unpacking libcapture-tiny-perl (0.48-2) ...
2025-08-22T02:11:54.6142967Z Selecting previously unselected package libclass-inspector-perl.
2025-08-22T02:11:54.6282159Z Preparing to unpack .../01-libclass-inspector-perl_1.36-3_all.deb ...
2025-08-22T02:11:54.6290896Z Unpacking libclass-inspector-perl (1.36-3) ...
2025-08-22T02:11:54.6520058Z Selecting previously unselected package libfile-sharedir-perl.
2025-08-22T02:11:54.6655105Z Preparing to unpack .../02-libfile-sharedir-perl_1.118-3_all.deb ...
2025-08-22T02:11:54.6663267Z Unpacking libfile-sharedir-perl (1.118-3) ...
2025-08-22T02:11:54.6897918Z Selecting previously unselected package libb-hooks-op-check-perl:amd64.
2025-08-22T02:11:54.7031457Z Preparing to unpack .../03-libb-hooks-op-check-perl_0.22-3build1_amd64.deb ...
2025-08-22T02:11:54.7039512Z Unpacking libb-hooks-op-check-perl:amd64 (0.22-3build1) ...
2025-08-22T02:11:54.7267436Z Selecting previously unselected package libdynaloader-functions-perl.
2025-08-22T02:11:54.7400775Z Preparing to unpack .../04-libdynaloader-functions-perl_0.003-3_all.deb ...
2025-08-22T02:11:54.7409444Z Unpacking libdynaloader-functions-perl (0.003-3) ...
2025-08-22T02:11:54.7623267Z Selecting previously unselected package libdevel-callchecker-perl:amd64.
2025-08-22T02:11:54.7755927Z Preparing to unpack .../05-libdevel-callchecker-perl_0.008-2build3_amd64.deb ...
2025-08-22T02:11:54.7765402Z Unpacking libdevel-callchecker-perl:amd64 (0.008-2build3) ...
2025-08-22T02:11:54.7984374Z Selecting previously unselected package libparams-classify-perl:amd64.
2025-08-22T02:11:54.8116367Z Preparing to unpack .../06-libparams-classify-perl_0.015-2build5_amd64.deb ...
2025-08-22T02:11:54.8125536Z Unpacking libparams-classify-perl:amd64 (0.015-2build5) ...
2025-08-22T02:11:54.8353524Z Selecting previously unselected package libmodule-runtime-perl.
2025-08-22T02:11:54.8491903Z Preparing to unpack .../07-libmodule-runtime-perl_0.016-2_all.deb ...
2025-08-22T02:11:54.8501493Z Unpacking libmodule-runtime-perl (0.016-2) ...
2025-08-22T02:11:54.8708946Z Selecting previously unselected package libtry-tiny-perl.
2025-08-22T02:11:54.8842070Z Preparing to unpack .../08-libtry-tiny-perl_0.31-2_all.deb ...
2025-08-22T02:11:54.8851399Z Unpacking libtry-tiny-perl (0.31-2) ...
2025-08-22T02:11:54.9068786Z Selecting previously unselected package libmodule-implementation-perl.
2025-08-22T02:11:54.9198990Z Preparing to unpack .../09-libmodule-implementation-perl_0.09-2_all.deb ...
2025-08-22T02:11:54.9209336Z Unpacking libmodule-implementation-perl (0.09-2) ...
2025-08-22T02:11:54.9421249Z Selecting previously unselected package libsub-exporter-progressive-perl.
2025-08-22T02:11:54.9553282Z Preparing to unpack .../10-libsub-exporter-progressive-perl_0.001013-3_all.deb ...
2025-08-22T02:11:54.9562675Z Unpacking libsub-exporter-progressive-perl (0.001013-3) ...
2025-08-22T02:11:54.9777143Z Selecting previously unselected package libvariable-magic-perl.
2025-08-22T02:11:54.9909289Z Preparing to unpack .../11-libvariable-magic-perl_0.63-1build3_amd64.deb ...
2025-08-22T02:11:54.9918397Z Unpacking libvariable-magic-perl (0.63-1build3) ...
2025-08-22T02:11:55.0161939Z Selecting previously unselected package libb-hooks-endofscope-perl.
2025-08-22T02:11:55.0293872Z Preparing to unpack .../12-libb-hooks-endofscope-perl_0.28-1_all.deb ...
2025-08-22T02:11:55.0313105Z Unpacking libb-hooks-endofscope-perl (0.28-1) ...
2025-08-22T02:11:55.0541444Z Selecting previously unselected package libpackage-stash-perl.
2025-08-22T02:11:55.0674307Z Preparing to unpack .../13-libpackage-stash-perl_0.40-1_all.deb ...
2025-08-22T02:11:55.0682877Z Unpacking libpackage-stash-perl (0.40-1) ...
2025-08-22T02:11:55.0909917Z Selecting previously unselected package libsub-identify-perl.
2025-08-22T02:11:55.1042572Z Preparing to unpack .../14-libsub-identify-perl_0.14-3build3_amd64.deb ...
2025-08-22T02:11:55.1051489Z Unpacking libsub-identify-perl (0.14-3build3) ...
2025-08-22T02:11:55.1282549Z Selecting previously unselected package libsub-name-perl:amd64.
2025-08-22T02:11:55.1414808Z Preparing to unpack .../15-libsub-name-perl_0.27-1build3_amd64.deb ...
2025-08-22T02:11:55.1425256Z Unpacking libsub-name-perl:amd64 (0.27-1build3) ...
2025-08-22T02:11:55.1642138Z Selecting previously unselected package libnamespace-clean-perl.
2025-08-22T02:11:55.1775324Z Preparing to unpack .../16-libnamespace-clean-perl_0.27-2_all.deb ...
2025-08-22T02:11:55.1783252Z Unpacking libnamespace-clean-perl (0.27-2) ...
2025-08-22T02:11:55.2001348Z Selecting previously unselected package libnamespace-autoclean-perl.
2025-08-22T02:11:55.2133138Z Preparing to unpack .../17-libnamespace-autoclean-perl_0.29-2_all.deb ...
2025-08-22T02:11:55.2142100Z Unpacking libnamespace-autoclean-perl (0.29-2) ...
2025-08-22T02:11:55.2358609Z Selecting previously unselected package libparams-util-perl.
2025-08-22T02:11:55.2488738Z Preparing to unpack .../18-libparams-util-perl_1.102-2build3_amd64.deb ...
2025-08-22T02:11:55.2498374Z Unpacking libparams-util-perl (1.102-2build3) ...
2025-08-22T02:11:55.2729557Z Selecting previously unselected package libsub-install-perl.
2025-08-22T02:11:55.2861066Z Preparing to unpack .../19-libsub-install-perl_0.929-1_all.deb ...
2025-08-22T02:11:55.2872067Z Unpacking libsub-install-perl (0.929-1) ...
2025-08-22T02:11:55.3086039Z Selecting previously unselected package libdata-optlist-perl.
2025-08-22T02:11:55.3215680Z Preparing to unpack .../20-libdata-optlist-perl_0.114-1_all.deb ...
2025-08-22T02:11:55.3224152Z Unpacking libdata-optlist-perl (0.114-1) ...
2025-08-22T02:11:55.3437432Z Selecting previously unselected package libsub-exporter-perl.
2025-08-22T02:11:55.3567270Z Preparing to unpack .../21-libsub-exporter-perl_0.990-1_all.deb ...
2025-08-22T02:11:55.3577179Z Unpacking libsub-exporter-perl (0.990-1) ...
2025-08-22T02:11:55.3802753Z Selecting previously unselected package libeval-closure-perl.
2025-08-22T02:11:55.3931367Z Preparing to unpack .../22-libeval-closure-perl_0.14-3_all.deb ...
2025-08-22T02:11:55.3940806Z Unpacking libeval-closure-perl (0.14-3) ...
2025-08-22T02:11:55.4151216Z Selecting previously unselected package libclass-data-inheritable-perl.
2025-08-22T02:11:55.4279178Z Preparing to unpack .../23-libclass-data-inheritable-perl_0.08-3_all.deb ...
2025-08-22T02:11:55.4289027Z Unpacking libclass-data-inheritable-perl (0.08-3) ...
2025-08-22T02:11:55.4507034Z Selecting previously unselected package libdevel-stacktrace-perl.
2025-08-22T02:11:55.4639417Z Preparing to unpack .../24-libdevel-stacktrace-perl_2.0500-1_all.deb ...
2025-08-22T02:11:55.4648670Z Unpacking libdevel-stacktrace-perl (2.0500-1) ...
2025-08-22T02:11:55.4868954Z Selecting previously unselected package libexception-class-perl.
2025-08-22T02:11:55.5002460Z Preparing to unpack .../25-libexception-class-perl_1.45-1_all.deb ...
2025-08-22T02:11:55.5012601Z Unpacking libexception-class-perl (1.45-1) ...
2025-08-22T02:11:55.5230041Z Selecting previously unselected package libparams-validationcompiler-perl.
2025-08-22T02:11:55.5361075Z Preparing to unpack .../26-libparams-validationcompiler-perl_0.31-1_all.deb ...
2025-08-22T02:11:55.5370255Z Unpacking libparams-validationcompiler-perl (0.31-1) ...
2025-08-22T02:11:55.5601791Z Selecting previously unselected package libalgorithm-c3-perl.
2025-08-22T02:11:55.5732812Z Preparing to unpack .../27-libalgorithm-c3-perl_0.11-2_all.deb ...
2025-08-22T02:11:55.5741951Z Unpacking libalgorithm-c3-perl (0.11-2) ...
2025-08-22T02:11:55.5951788Z Selecting previously unselected package libclass-c3-perl.
2025-08-22T02:11:55.6083688Z Preparing to unpack .../28-libclass-c3-perl_0.35-2_all.deb ...
2025-08-22T02:11:55.6092620Z Unpacking libclass-c3-perl (0.35-2) ...
2025-08-22T02:11:55.6304293Z Selecting previously unselected package libmro-compat-perl.
2025-08-22T02:11:55.6437006Z Preparing to unpack .../29-libmro-compat-perl_0.15-2_all.deb ...
2025-08-22T02:11:55.6445698Z Unpacking libmro-compat-perl (0.15-2) ...
2025-08-22T02:11:55.6660513Z Selecting previously unselected package libclass-method-modifiers-perl.
2025-08-22T02:11:55.6792600Z Preparing to unpack .../30-libclass-method-modifiers-perl_2.15-1_all.deb ...
2025-08-22T02:11:55.6801280Z Unpacking libclass-method-modifiers-perl (2.15-1) ...
2025-08-22T02:11:55.7026497Z Selecting previously unselected package librole-tiny-perl.
2025-08-22T02:11:55.7158794Z Preparing to unpack .../31-librole-tiny-perl_2.002004-1_all.deb ...
2025-08-22T02:11:55.7167675Z Unpacking librole-tiny-perl (2.002004-1) ...
2025-08-22T02:11:55.7397366Z Selecting previously unselected package libsub-quote-perl.
2025-08-22T02:11:55.7529604Z Preparing to unpack .../32-libsub-quote-perl_2.006008-1ubuntu1_all.deb ...
2025-08-22T02:11:55.7537740Z Unpacking libsub-quote-perl (2.006008-1ubuntu1) ...
2025-08-22T02:11:55.7752264Z Selecting previously unselected package libxstring-perl:amd64.
2025-08-22T02:11:55.7884703Z Preparing to unpack .../33-libxstring-perl_0.005-2build3_amd64.deb ...
2025-08-22T02:11:55.7893336Z Unpacking libxstring-perl:amd64 (0.005-2build3) ...
2025-08-22T02:11:55.8137239Z Selecting previously unselected package libspecio-perl.
2025-08-22T02:11:55.8265676Z Preparing to unpack .../34-libspecio-perl_0.48-1_all.deb ...
2025-08-22T02:11:55.8275415Z Unpacking libspecio-perl (0.48-1) ...
2025-08-22T02:11:55.8627032Z Selecting previously unselected package libdatetime-locale-perl.
2025-08-22T02:11:55.8764090Z Preparing to unpack .../35-libdatetime-locale-perl_1%3a1.37-1_all.deb ...
2025-08-22T02:11:55.8773115Z Unpacking libdatetime-locale-perl (1:1.37-1) ...
2025-08-22T02:11:56.3239468Z Selecting previously unselected package libclass-singleton-perl.
2025-08-22T02:11:56.3394121Z Preparing to unpack .../36-libclass-singleton-perl_1.6-2_all.deb ...
2025-08-22T02:11:56.3403946Z Unpacking libclass-singleton-perl (1.6-2) ...
2025-08-22T02:11:56.3620644Z Selecting previously unselected package libdatetime-timezone-perl.
2025-08-22T02:11:56.3760189Z Preparing to unpack .../37-libdatetime-timezone-perl_1%3a2.62-1+2024a_all.deb ...
2025-08-22T02:11:56.3768722Z Unpacking libdatetime-timezone-perl (1:2.62-1+2024a) ...
2025-08-22T02:11:56.4687823Z Selecting previously unselected package libdatetime-perl.
2025-08-22T02:11:56.4830079Z Preparing to unpack .../38-libdatetime-perl_2%3a1.65-1build2_amd64.deb ...
2025-08-22T02:11:56.4838891Z Unpacking libdatetime-perl (2:1.65-1build2) ...
2025-08-22T02:11:56.5095740Z Selecting previously unselected package libperlio-gzip-perl.
2025-08-22T02:11:56.5236385Z Preparing to unpack .../39-libperlio-gzip-perl_0.20-1build4_amd64.deb ...
2025-08-22T02:11:56.5245653Z Unpacking libperlio-gzip-perl (0.20-1build4) ...
2025-08-22T02:11:56.5473005Z Selecting previously unselected package lcov.
2025-08-22T02:11:56.5614649Z Preparing to unpack .../40-lcov_2.0-4ubuntu2_all.deb ...
2025-08-22T02:11:56.5624700Z Unpacking lcov (2.0-4ubuntu2) ...
2025-08-22T02:11:56.5980650Z Selecting previously unselected package libclass-c3-xs-perl.
2025-08-22T02:11:56.6121824Z Preparing to unpack .../41-libclass-c3-xs-perl_0.15-1build6_amd64.deb ...
2025-08-22T02:11:56.6131377Z Unpacking libclass-c3-xs-perl (0.15-1build6) ...
2025-08-22T02:11:56.6350442Z Selecting previously unselected package libclass-xsaccessor-perl.
2025-08-22T02:11:56.6489764Z Preparing to unpack .../42-libclass-xsaccessor-perl_1.19-4build4_amd64.deb ...
2025-08-22T02:11:56.6499274Z Unpacking libclass-xsaccessor-perl (1.19-4build4) ...
2025-08-22T02:11:56.6728396Z Selecting previously unselected package libpadwalker-perl.
2025-08-22T02:11:56.6866436Z Preparing to unpack .../43-libpadwalker-perl_2.5-1build6_amd64.deb ...
2025-08-22T02:11:56.6876308Z Unpacking libpadwalker-perl (2.5-1build6) ...
2025-08-22T02:11:56.7090293Z Selecting previously unselected package libdevel-caller-perl:amd64.
2025-08-22T02:11:56.7227077Z Preparing to unpack .../44-libdevel-caller-perl_2.07-1build3_amd64.deb ...
2025-08-22T02:11:56.7236426Z Unpacking libdevel-caller-perl:amd64 (2.07-1build3) ...
2025-08-22T02:11:56.7450988Z Selecting previously unselected package libdevel-lexalias-perl.
2025-08-22T02:11:56.7586562Z Preparing to unpack .../45-libdevel-lexalias-perl_0.05-3build4_amd64.deb ...
2025-08-22T02:11:56.7595952Z Unpacking libdevel-lexalias-perl (0.05-3build4) ...
2025-08-22T02:11:56.7815828Z Selecting previously unselected package libpackage-stash-xs-perl:amd64.
2025-08-22T02:11:56.7951538Z Preparing to unpack .../46-libpackage-stash-xs-perl_0.30-1build4_amd64.deb ...
2025-08-22T02:11:56.7961467Z Unpacking libpackage-stash-xs-perl:amd64 (0.30-1build4) ...
2025-08-22T02:11:56.8188959Z Selecting previously unselected package libreadonly-perl.
2025-08-22T02:11:56.8328854Z Preparing to unpack .../47-libreadonly-perl_2.050-3_all.deb ...
2025-08-22T02:11:56.8338182Z Unpacking libreadonly-perl (2.050-3) ...
2025-08-22T02:11:56.8561992Z Selecting previously unselected package libref-util-perl.
2025-08-22T02:11:56.8699316Z Preparing to unpack .../48-libref-util-perl_0.204-2_all.deb ...
2025-08-22T02:11:56.8708946Z Unpacking libref-util-perl (0.204-2) ...
2025-08-22T02:11:56.8930130Z Selecting previously unselected package libref-util-xs-perl.
2025-08-22T02:11:56.9065887Z Preparing to unpack .../49-libref-util-xs-perl_0.117-2build4_amd64.deb ...
2025-08-22T02:11:56.9075291Z Unpacking libref-util-xs-perl (0.117-2build4) ...
2025-08-22T02:11:56.9303575Z Selecting previously unselected package libgd-perl.
2025-08-22T02:11:56.9436985Z Preparing to unpack .../50-libgd-perl_2.78-1build3_amd64.deb ...
2025-08-22T02:11:56.9447225Z Unpacking libgd-perl (2.78-1build3) ...
2025-08-22T02:11:56.9934054Z Setting up libclass-inspector-perl (1.36-3) ...
2025-08-22T02:11:56.9960637Z Setting up libdynaloader-functions-perl (0.003-3) ...
2025-08-22T02:11:56.9987697Z Setting up libclass-method-modifiers-perl (2.15-1) ...
2025-08-22T02:11:57.0011996Z Setting up libref-util-xs-perl (0.117-2build4) ...
2025-08-22T02:11:57.0036231Z Setting up libsub-identify-perl (0.14-3build3) ...
2025-08-22T02:11:57.0060101Z Setting up libtry-tiny-perl (0.31-2) ...
2025-08-22T02:11:57.0084399Z Setting up libclass-singleton-perl (1.6-2) ...
2025-08-22T02:11:57.0108402Z Setting up libpadwalker-perl (2.5-1build6) ...
2025-08-22T02:11:57.0132390Z Setting up libxstring-perl:amd64 (0.005-2build3) ...
2025-08-22T02:11:57.0159162Z Setting up libclass-c3-xs-perl (0.15-1build6) ...
2025-08-22T02:11:57.0186478Z Setting up libdevel-caller-perl:amd64 (2.07-1build3) ...
2025-08-22T02:11:57.0214041Z Setting up libsub-install-perl (0.929-1) ...
2025-08-22T02:11:57.0239876Z Setting up libgd-perl (2.78-1build3) ...
2025-08-22T02:11:57.0264609Z Setting up libreadonly-perl (2.050-3) ...
2025-08-22T02:11:57.0288341Z Setting up libdevel-lexalias-perl (0.05-3build4) ...
2025-08-22T02:11:57.0318148Z Setting up libpackage-stash-xs-perl:amd64 (0.30-1build4) ...
2025-08-22T02:11:57.0341982Z Setting up libclass-data-inheritable-perl (0.08-3) ...
2025-08-22T02:11:57.0365174Z Setting up libalgorithm-c3-perl (0.11-2) ...
2025-08-22T02:11:57.0388642Z Setting up libref-util-perl (0.204-2) ...
2025-08-22T02:11:57.0413486Z Setting up libvariable-magic-perl (0.63-1build3) ...
2025-08-22T02:11:57.0436328Z Setting up libb-hooks-op-check-perl:amd64 (0.22-3build1) ...
2025-08-22T02:11:57.0464105Z Setting up libparams-util-perl (1.102-2build3) ...
2025-08-22T02:11:57.0488910Z Setting up libsub-exporter-progressive-perl (0.001013-3) ...
2025-08-22T02:11:57.0513070Z Setting up libcapture-tiny-perl (0.48-2) ...
2025-08-22T02:11:57.0540105Z Setting up libsub-name-perl:amd64 (0.27-1build3) ...
2025-08-22T02:11:57.0563564Z Setting up librole-tiny-perl (2.002004-1) ...
2025-08-22T02:11:57.0587743Z Setting up libfile-sharedir-perl (1.118-3) ...
2025-08-22T02:11:57.0611052Z Setting up libsub-quote-perl (2.006008-1ubuntu1) ...
2025-08-22T02:11:57.0642381Z Setting up libdevel-stacktrace-perl (2.0500-1) ...
2025-08-22T02:11:57.0667637Z Setting up libclass-xsaccessor-perl (1.19-4build4) ...
2025-08-22T02:11:57.0690806Z Setting up libperlio-gzip-perl (0.20-1build4) ...
2025-08-22T02:11:57.0715685Z Setting up libexception-class-perl (1.45-1) ...
2025-08-22T02:11:57.0739344Z Setting up libclass-c3-perl (0.35-2) ...
2025-08-22T02:11:57.0763987Z Setting up libdevel-callchecker-perl:amd64 (0.008-2build3) ...
2025-08-22T02:11:57.0790326Z Setting up libdata-optlist-perl (0.114-1) ...
2025-08-22T02:11:57.0814622Z Setting up libmro-compat-perl (0.15-2) ...
2025-08-22T02:11:57.0836158Z Setting up libsub-exporter-perl (0.990-1) ...
2025-08-22T02:11:57.0855486Z Setting up libeval-closure-perl (0.14-3) ...
2025-08-22T02:11:57.0874937Z Setting up libparams-validationcompiler-perl (0.31-1) ...
2025-08-22T02:11:57.0894492Z Setting up libparams-classify-perl:amd64 (0.015-2build5) ...
2025-08-22T02:11:57.0915308Z Setting up libmodule-runtime-perl (0.016-2) ...
2025-08-22T02:11:57.0934496Z Setting up libmodule-implementation-perl (0.09-2) ...
2025-08-22T02:11:57.0956019Z Setting up libpackage-stash-perl (0.40-1) ...
2025-08-22T02:11:57.0976447Z Setting up libspecio-perl (0.48-1) ...
2025-08-22T02:11:57.0996252Z Setting up libb-hooks-endofscope-perl (0.28-1) ...
2025-08-22T02:11:57.1016063Z Setting up libnamespace-clean-perl (0.27-2) ...
2025-08-22T02:11:57.1035578Z Setting up libnamespace-autoclean-perl (0.29-2) ...
2025-08-22T02:11:57.1055058Z Setting up libdatetime-locale-perl (1:1.37-1) ...
2025-08-22T02:11:57.1075229Z Setting up libdatetime-timezone-perl (1:2.62-1+2024a) ...
2025-08-22T02:11:57.1095061Z Setting up libdatetime-perl (2:1.65-1build2) ...
2025-08-22T02:11:57.1115894Z Setting up lcov (2.0-4ubuntu2) ...
2025-08-22T02:11:57.1148148Z Processing triggers for man-db (2.12.0-4build2) ...
2025-08-22T02:12:04.3299977Z 
2025-08-22T02:12:04.3300684Z Running kernel seems to be up-to-date.
2025-08-22T02:12:04.3301230Z 
2025-08-22T02:12:04.3301408Z Restarting services...
2025-08-22T02:12:04.3373890Z 
2025-08-22T02:12:04.3374309Z Service restarts being deferred:
2025-08-22T02:12:04.3375557Z  systemctl restart hosted-compute-agent.service
2025-08-22T02:12:04.3376148Z 
2025-08-22T02:12:04.3376507Z No containers need to be restarted.
2025-08-22T02:12:04.3377758Z 
2025-08-22T02:12:04.3378573Z No user sessions are running outdated binaries.
2025-08-22T02:12:04.3379161Z 
2025-08-22T02:12:04.3379960Z No VM guests are running outdated hypervisor (qemu) binaries on this host.
2025-08-22T02:12:05.1671593Z ##[group]Run npm ci
2025-08-22T02:12:05.1671911Z [36;1mnpm ci[0m
2025-08-22T02:12:05.1713265Z shell: /usr/bin/bash -e {0}
2025-08-22T02:12:05.1713595Z ##[endgroup]
2025-08-22T02:12:06.4573433Z npm warn EBADENGINE Unsupported engine {
2025-08-22T02:12:06.4574165Z npm warn EBADENGINE   package: 'undici@7.14.0',
2025-08-22T02:12:06.4574847Z npm warn EBADENGINE   required: { node: '>=20.18.1' },
2025-08-22T02:12:06.4575637Z npm warn EBADENGINE   current: { node: 'v18.20.8', npm: '10.8.2' }
2025-08-22T02:12:06.4576232Z npm warn EBADENGINE }
2025-08-22T02:12:09.1783067Z 
2025-08-22T02:12:09.1783938Z added 130 packages, and audited 131 packages in 4s
2025-08-22T02:12:09.1784412Z 
2025-08-22T02:12:09.1784680Z 29 packages are looking for funding
2025-08-22T02:12:09.1785183Z   run `npm fund` for details
2025-08-22T02:12:09.1793877Z 
2025-08-22T02:12:09.1794260Z found 0 vulnerabilities
2025-08-22T02:12:09.2019668Z ##[group]Run # Debug: Show test files
2025-08-22T02:12:09.2020004Z [36;1m# Debug: Show test files[0m
2025-08-22T02:12:09.2020302Z [36;1mecho "📋 Test files in directory:"[0m
2025-08-22T02:12:09.2020592Z [36;1mls -la tests/[0m
2025-08-22T02:12:09.2020799Z [36;1m[0m
2025-08-22T02:12:09.2021007Z [36;1m# Run tests with coverage collection[0m
2025-08-22T02:12:09.2021328Z [36;1mif npm run | grep -q "test:coverage"; then[0m
2025-08-22T02:12:09.2021660Z [36;1m  echo "🔍 Running npm run test:coverage"[0m
2025-08-22T02:12:09.2021953Z [36;1m  npm run test:coverage[0m
2025-08-22T02:12:09.2022222Z [36;1melif npm run | grep -q "test"; then[0m
2025-08-22T02:12:09.2022501Z [36;1m  echo "🔍 Running npm test"[0m
2025-08-22T02:12:09.2022755Z [36;1m  npm test[0m
2025-08-22T02:12:09.2022952Z [36;1melse[0m
2025-08-22T02:12:09.2023182Z [36;1m  echo "No test script found in package.json"[0m
2025-08-22T02:12:09.2023503Z [36;1m  exit 1[0m
2025-08-22T02:12:09.2023713Z [36;1mfi[0m
2025-08-22T02:12:09.2072087Z shell: /usr/bin/bash -e {0}
2025-08-22T02:12:09.2072522Z ##[endgroup]
2025-08-22T02:12:09.2144693Z 📋 Test files in directory:
2025-08-22T02:12:09.2159415Z total 148
2025-08-22T02:12:09.2160073Z drwxr-xr-x 2 runner docker  4096 Aug 22 02:11 .
2025-08-22T02:12:09.2160925Z drwxr-xr-x 8 runner docker  4096 Aug 22 02:12 ..
2025-08-22T02:12:09.2161765Z -rw-r--r-- 1 runner docker  1861 Aug 22 02:11 run-tests.js
2025-08-22T02:12:09.2162757Z -rw-r--r-- 1 runner docker  1594 Aug 22 02:11 setup-crypto-polyfill.js
2025-08-22T02:12:09.2163860Z -rw-r--r-- 1 runner docker 16856 Aug 22 02:11 test-comprehensive-coverage.js
2025-08-22T02:12:09.2164941Z -rw-r--r-- 1 runner docker 10118 Aug 22 02:11 test-coverage-gaps.js
2025-08-22T02:12:09.2165922Z -rw-r--r-- 1 runner docker  7214 Aug 22 02:11 test-fetch-handler.js
2025-08-22T02:12:09.2167180Z -rw-r--r-- 1 runner docker  9395 Aug 22 02:11 test-helper-functions.js
2025-08-22T02:12:09.2168221Z -rw-r--r-- 1 runner docker 18064 Aug 22 02:11 test-integration.js
2025-08-22T02:12:09.2169327Z -rw-r--r-- 1 runner docker 10160 Aug 22 02:11 test-kv-only-behavior.js
2025-08-22T02:12:09.2170304Z -rw-r--r-- 1 runner docker  7239 Aug 22 02:11 test-recipe-clipper.js
2025-08-22T02:12:09.2171399Z -rw-r--r-- 1 runner docker  9141 Aug 22 02:11 test-specific-recipe.js
2025-08-22T02:12:09.2172275Z -rw-r--r-- 1 runner docker 12535 Aug 22 02:11 test-unit-functions-fixed.js
2025-08-22T02:12:09.2173166Z -rw-r--r-- 1 runner docker  9879 Aug 22 02:11 test-utility-functions.js
2025-08-22T02:12:09.3563087Z 🔍 Running npm run test:coverage
2025-08-22T02:12:09.4807526Z 
2025-08-22T02:12:09.4808948Z > recipe-clipper-worker@1.0.0 test:coverage
2025-08-22T02:12:09.4810321Z > npx c8 --reporter=text --reporter=lcov node tests/run-tests.js
2025-08-22T02:12:09.4810820Z 
2025-08-22T02:12:10.0125816Z ✅ Crypto polyfill loaded for Node.js test environment
2025-08-22T02:12:10.0133112Z 🧪 Running Recipe Clipper Tests...
2025-08-22T02:12:10.0134253Z 
2025-08-22T02:12:10.0135060Z 📋 Found 9 test files:
2025-08-22T02:12:10.0137315Z    - test-comprehensive-coverage.js
2025-08-22T02:12:10.0137838Z    - test-coverage-gaps.js
2025-08-22T02:12:10.0138294Z    - test-fetch-handler.js
2025-08-22T02:12:10.0138734Z    - test-helper-functions.js
2025-08-22T02:12:10.0139184Z    - test-kv-only-behavior.js
2025-08-22T02:12:10.0139631Z    - test-recipe-clipper.js
2025-08-22T02:12:10.0140502Z    - test-specific-recipe.js
2025-08-22T02:12:10.0141162Z    - test-unit-functions-fixed.js
2025-08-22T02:12:10.0141977Z    - test-utility-functions.js
2025-08-22T02:12:10.0142458Z 
2025-08-22T02:12:10.0142470Z 
2025-08-22T02:12:10.0142962Z 🔍 Running test-comprehensive-coverage.js...
2025-08-22T02:12:10.0143739Z ──────────────────────────────────────────────────
2025-08-22T02:12:10.0545263Z 🧪 Running Comprehensive Coverage Tests
2025-08-22T02:12:10.0546993Z 
2025-08-22T02:12:10.1375435Z ✅ OPTIONS request returns CORS headers
2025-08-22T02:12:10.1380401Z ✅ GET /health returns ok status
2025-08-22T02:12:10.1383767Z ✅ POST /clip with missing URL returns 400
2025-08-22T02:12:10.1401814Z Recipe extraction error: ReferenceError: crypto is not defined
2025-08-22T02:12:10.1403074Z     at generateRecipeId (file:///home/runner/work/seasoned-app/seasoned-app/shared/kv-storage.js:11:3)
2025-08-22T02:12:10.1404737Z     at Object.fetch (file:///home/runner/work/seasoned-app/seasoned-app/clipper/src/recipe-clipper.js:82:34)
2025-08-22T02:12:10.1406306Z     at async file:///home/runner/work/seasoned-app/seasoned-app/clipper/tests/test-comprehensive-coverage.js:200:20
2025-08-22T02:12:10.1408244Z     at async test (file:///home/runner/work/seasoned-app/seasoned-app/clipper/tests/test-comprehensive-coverage.js:12:5)
2025-08-22T02:12:10.1409842Z     at async file:///home/runner/work/seasoned-app/seasoned-app/clipper/tests/test-comprehensive-coverage.js:195:1
2025-08-22T02:12:10.1411104Z Recipe extraction error: ReferenceError: crypto is not defined
2025-08-22T02:12:10.1412313Z     at generateRecipeId (file:///home/runner/work/seasoned-app/seasoned-app/shared/kv-storage.js:11:3)
2025-08-22T02:12:10.1413726Z     at Object.fetch (file:///home/runner/work/seasoned-app/seasoned-app/clipper/src/recipe-clipper.js:82:34)
2025-08-22T02:12:10.1415258Z     at async file:///home/runner/work/seasoned-app/seasoned-app/clipper/tests/test-comprehensive-coverage.js:229:20
2025-08-22T02:12:10.1417243Z     at async test (file:///home/runner/work/seasoned-app/seasoned-app/clipper/tests/test-comprehensive-coverage.js:12:5)
2025-08-22T02:12:10.1418806Z     at async file:///home/runner/work/seasoned-app/seasoned-app/clipper/tests/test-comprehensive-coverage.js:209:1
2025-08-22T02:12:10.1420055Z ❌ POST /clip with valid URL extracts recipe
2025-08-22T02:12:10.1420875Z Recipe extraction error: ReferenceError: crypto is not defined
2025-08-22T02:12:10.1421956Z     at generateRecipeId (file:///home/runner/work/seasoned-app/seasoned-app/shared/kv-storage.js:11:3)
2025-08-22T02:12:10.1423365Z     at Object.fetch (file:///home/runner/work/seasoned-app/seasoned-app/clipper/src/recipe-clipper.js:82:34)
2025-08-22T02:12:10.1424825Z     at async file:///home/runner/work/seasoned-app/seasoned-app/clipper/tests/test-comprehensive-coverage.js:242:20
2025-08-22T02:12:10.1426394Z     at async test (file:///home/runner/work/seasoned-app/seasoned-app/clipper/tests/test-comprehensive-coverage.js:12:5)
2025-08-22T02:12:10.1428136Z     at async file:///home/runner/work/seasoned-app/seasoned-app/clipper/tests/test-comprehensive-coverage.js:237:1
2025-08-22T02:12:10.1429324Z Recipe extraction error: ReferenceError: crypto is not defined
2025-08-22T02:12:10.1430353Z     at generateRecipeId (file:///home/runner/work/seasoned-app/seasoned-app/shared/kv-storage.js:11:3)
2025-08-22T02:12:10.1431695Z     at Object.fetch (file:///home/runner/work/seasoned-app/seasoned-app/clipper/src/recipe-clipper.js:82:34)
2025-08-22T02:12:10.1433130Z     at async file:///home/runner/work/seasoned-app/seasoned-app/clipper/tests/test-comprehensive-coverage.js:271:20
2025-08-22T02:12:10.1435032Z     at async test (file:///home/runner/work/seasoned-app/seasoned-app/clipper/tests/test-comprehensive-coverage.js:12:5)
2025-08-22T02:12:10.1436598Z     at async file:///home/runner/work/seasoned-app/seasoned-app/clipper/tests/test-comprehensive-coverage.js:251:1
2025-08-22T02:12:10.1438043Z Recipe extraction error: ReferenceError: crypto is not defined
2025-08-22T02:12:10.1439160Z     at generateRecipeId (file:///home/runner/work/seasoned-app/seasoned-app/shared/kv-storage.js:11:3)
2025-08-22T02:12:10.1440527Z     at Object.fetch (file:///home/runner/work/seasoned-app/seasoned-app/clipper/src/recipe-clipper.js:82:34)
2025-08-22T02:12:10.1442040Z     at async file:///home/runner/work/seasoned-app/seasoned-app/clipper/tests/test-comprehensive-coverage.js:281:20
2025-08-22T02:12:10.1443634Z     at async test (file:///home/runner/work/seasoned-app/seasoned-app/clipper/tests/test-comprehensive-coverage.js:12:5)
2025-08-22T02:12:10.1445452Z     at async file:///home/runner/work/seasoned-app/seasoned-app/clipper/tests/test-comprehensive-coverage.js:276:1
2025-08-22T02:12:10.1446472Z    Error: Assertion failed
2025-08-22T02:12:10.1447422Z ❌ POST /clip with cached recipe returns from cache
2025-08-22T02:12:10.1447978Z    Error: Assertion failed
2025-08-22T02:12:10.1448831Z ❌ POST /clip with JSON-LD recipe falls back to AI when incomplete
2025-08-22T02:12:10.1449444Z    Error: Assertion failed
2025-08-22T02:12:10.1450501Z ❌ POST /clip with no recipe returns error
2025-08-22T02:12:10.1451010Z    Error: Assertion failed
2025-08-22T02:12:10.1452357Z Error extracting recipe from AI response: Error: Incomplete recipe data extracted - missing name, image, recipeIngredient, or recipeInstructions
2025-08-22T02:12:10.1454157Z     at extractRecipeFromAIResponse (file:///home/runner/work/seasoned-app/seasoned-app/clipper/src/recipe-clipper.js:1863:15)
2025-08-22T02:12:10.1455771Z     at file:///home/runner/work/seasoned-app/seasoned-app/clipper/tests/test-comprehensive-coverage.js:475:18
2025-08-22T02:12:10.1457496Z     at test (file:///home/runner/work/seasoned-app/seasoned-app/clipper/tests/test-comprehensive-coverage.js:12:11)
2025-08-22T02:12:10.1459004Z     at file:///home/runner/work/seasoned-app/seasoned-app/clipper/tests/test-comprehensive-coverage.js:459:7
2025-08-22T02:12:10.1460820Z Error extracting recipe from AI response: Error: Incomplete recipe data extracted - missing name, image, recipeIngredient, or recipeInstructions
2025-08-22T02:12:10.1462610Z     at extractRecipeFromAIResponse (file:///home/runner/work/seasoned-app/seasoned-app/clipper/src/recipe-clipper.js:1863:15)
2025-08-22T02:12:10.1464162Z     at file:///home/runner/work/seasoned-app/seasoned-app/clipper/tests/test-comprehensive-coverage.js:492:18
2025-08-22T02:12:10.1465578Z     at test (file:///home/runner/work/seasoned-app/seasoned-app/clipper/tests/test-comprehensive-coverage.js:12:11)
2025-08-22T02:12:10.1467140Z     at file:///home/runner/work/seasoned-app/seasoned-app/clipper/tests/test-comprehensive-coverage.js:479:7
2025-08-22T02:12:10.1468179Z ✅ POST /clip handles fetch errors
2025-08-22T02:12:10.1468716Z ✅ Unknown route returns 404
2025-08-22T02:12:10.1469409Z ✅ extractRecipeFromAIResponse handles all field mappings
2025-08-22T02:12:10.1470197Z ✅ extractRecipeFromAIResponse handles array fields
2025-08-22T02:12:10.1470957Z ✅ extractRecipeFromAIResponse handles object fields
2025-08-22T02:12:10.1471763Z ✅ extractRecipeFromAIResponse validates required fields
2025-08-22T02:12:10.1472598Z ✅ extractRecipeFromAIResponse handles malformed response
2025-08-22T02:12:10.1473478Z ✅ extractRecipeFromAIResponse handles empty response
2025-08-22T02:12:10.1474187Z Recipe Clipper Error: Error: Invalid JSON
2025-08-22T02:12:10.1475321Z     at Object.json (file:///home/runner/work/seasoned-app/seasoned-app/clipper/tests/test-comprehensive-coverage.js:526:31)
2025-08-22T02:12:10.1476996Z     at Object.fetch (file:///home/runner/work/seasoned-app/seasoned-app/clipper/src/recipe-clipper.js:27:36)
2025-08-22T02:12:10.1478701Z     at file:///home/runner/work/seasoned-app/seasoned-app/clipper/tests/test-comprehensive-coverage.js:529:33
2025-08-22T02:12:10.1480096Z     at test (file:///home/runner/work/seasoned-app/seasoned-app/clipper/tests/test-comprehensive-coverage.js:12:11)
2025-08-22T02:12:10.1481480Z     at file:///home/runner/work/seasoned-app/seasoned-app/clipper/tests/test-comprehensive-coverage.js:520:7
2025-08-22T02:12:10.1482621Z Recipe extraction error: ReferenceError: crypto is not defined
2025-08-22T02:12:10.1483730Z     at generateRecipeId (file:///home/runner/work/seasoned-app/seasoned-app/shared/kv-storage.js:11:3)
2025-08-22T02:12:10.1485005Z     at Object.fetch (file:///home/runner/work/seasoned-app/seasoned-app/clipper/src/recipe-clipper.js:82:34)
2025-08-22T02:12:10.1486368Z     at async file:///home/runner/work/seasoned-app/seasoned-app/clipper/tests/test-comprehensive-coverage.js:544:20
2025-08-22T02:12:10.1487995Z     at async test (file:///home/runner/work/seasoned-app/seasoned-app/clipper/tests/test-comprehensive-coverage.js:12:5)
2025-08-22T02:12:10.1489629Z     at async file:///home/runner/work/seasoned-app/seasoned-app/clipper/tests/test-comprehensive-coverage.js:533:1
2025-08-22T02:12:10.1490874Z ✅ extractRecipeFromAIResponse handles null response
2025-08-22T02:12:10.1491586Z ✅ Handle JSON parse errors in request body
2025-08-22T02:12:10.1492177Z ❌ Handle KV storage errors gracefully
2025-08-22T02:12:10.1492592Z    Error: Assertion failed
2025-08-22T02:12:10.1493246Z Recipe extraction error: ReferenceError: crypto is not defined
2025-08-22T02:12:10.1494267Z     at generateRecipeId (file:///home/runner/work/seasoned-app/seasoned-app/shared/kv-storage.js:11:3)
2025-08-22T02:12:10.1495542Z     at Object.fetch (file:///home/runner/work/seasoned-app/seasoned-app/clipper/src/recipe-clipper.js:82:34)
2025-08-22T02:12:10.1497105Z     at async file:///home/runner/work/seasoned-app/seasoned-app/clipper/tests/test-comprehensive-coverage.js:558:20
2025-08-22T02:12:10.1498575Z     at async test (file:///home/runner/work/seasoned-app/seasoned-app/clipper/tests/test-comprehensive-coverage.js:12:5)
2025-08-22T02:12:10.1500067Z     at async file:///home/runner/work/seasoned-app/seasoned-app/clipper/tests/test-comprehensive-coverage.js:553:1
2025-08-22T02:12:10.1501056Z ✅ Handle bad HTTP response
2025-08-22T02:12:10.1501305Z 
2025-08-22T02:12:10.1501546Z ==================================================
2025-08-22T02:12:10.1502178Z 📊 Comprehensive Coverage Test Summary:
2025-08-22T02:12:10.1502658Z    ✅ Passed: 14
2025-08-22T02:12:10.1502997Z    ❌ Failed: 5
2025-08-22T02:12:10.1503343Z    📁 Total: 19
2025-08-22T02:12:10.1503522Z 
2025-08-22T02:12:10.1503832Z ⚠️  Some comprehensive tests failed.
2025-08-22T02:12:10.1680447Z ❌ test-comprehensive-coverage.js failed
2025-08-22T02:12:10.1680838Z 
2025-08-22T02:12:10.1681238Z 🔍 Running test-coverage-gaps.js...
2025-08-22T02:12:10.1682106Z ──────────────────────────────────────────────────
2025-08-22T02:12:10.2075080Z ✅ Crypto polyfill loaded for Node.js test environment
2025-08-22T02:12:10.2080671Z 🧪 Running Coverage Gap Tests
2025-08-22T02:12:10.2081030Z 
2025-08-22T02:12:10.2383740Z ✅ GET /health returns ok
2025-08-22T02:12:10.2387707Z ✅ OPTIONS request returns CORS headers
2025-08-22T02:12:10.2396959Z Recipe not found in KV store, proceeding with clipping
2025-08-22T02:12:10.2400740Z Fetching content from: https://example.com/test
2025-08-22T02:12:10.2406194Z HTML fetched, length: 411
2025-08-22T02:12:10.2406925Z Checking for JSON-LD recipe data...
2025-08-22T02:12:10.2412612Z Found 1 JSON-LD script(s)
2025-08-22T02:12:10.2414090Z Parsing JSON-LD content (first 200 chars): {
2025-08-22T02:12:10.2414749Z             "@context": "https://schema.org",
2025-08-22T02:12:10.2415314Z             "@type": "Recipe",
2025-08-22T02:12:10.2415821Z             "name": "Test",
2025-08-22T02:12:10.2416359Z             "image": "https://example.com/test.jpg",
2025-08-22T02:12:10.2417207Z             "recipeIngredient": ["flour"...
2025-08-22T02:12:10.2429373Z JSON-LD parsed successfully, structure: { hasType: true, type: 'Recipe', hasGraph: false, graphLength: 0 }
2025-08-22T02:12:10.2430758Z Found direct Recipe object
2025-08-22T02:12:10.2432404Z Found Recipe in JSON-LD! Recipe structure: {
2025-08-22T02:12:10.2433094Z   name: 'Test',
2025-08-22T02:12:10.2433481Z   hasIngredients: true,
2025-08-22T02:12:10.2433873Z   ingredientCount: 1,
2025-08-22T02:12:10.2434263Z   hasInstructions: true,
2025-08-22T02:12:10.2434667Z   instructionCount: 1
2025-08-22T02:12:10.2434999Z }
2025-08-22T02:12:10.2437863Z Normalizing JSON-LD recipe: {
2025-08-22T02:12:10.2438316Z   name: 'Test',
2025-08-22T02:12:10.2438665Z   hasImage: true,
2025-08-22T02:12:10.2439047Z   hasDescription: false,
2025-08-22T02:12:10.2439441Z   hasAuthor: false,
2025-08-22T02:12:10.2439824Z   hasIngredients: true,
2025-08-22T02:12:10.2440204Z   ingredientCount: 1,
2025-08-22T02:12:10.2440608Z   hasInstructions: true,
2025-08-22T02:12:10.2441023Z   instructionCount: 1
2025-08-22T02:12:10.2441375Z }
2025-08-22T02:12:10.2442652Z Normalized recipe: {
2025-08-22T02:12:10.2443053Z   name: 'Test',
2025-08-22T02:12:10.2443757Z   image: 'https://example.com/test.jpg',
2025-08-22T02:12:10.2444287Z   ingredientCount: 1,
2025-08-22T02:12:10.2444675Z   instructionCount: 1
2025-08-22T02:12:10.2445031Z }
2025-08-22T02:12:10.2445446Z JSON-LD recipe validation passed!
2025-08-22T02:12:10.2446035Z Found recipe in JSON-LD! Skipping LLM call.
2025-08-22T02:12:10.2446634Z Recipe extracted from JSON-LD: {
2025-08-22T02:12:10.2447277Z   name: 'Test',
2025-08-22T02:12:10.2447611Z   ingredients: 1,
2025-08-22T02:12:10.2447959Z   instructions: 1,
2025-08-22T02:12:10.2448393Z   image: 'https://example.com/test.jpg',
2025-08-22T02:12:10.2448875Z   description: '...'
2025-08-22T02:12:10.2449197Z }
2025-08-22T02:12:10.2449603Z Recipe saved to KV store successfully
2025-08-22T02:12:10.2451847Z ✅ JSON-LD with array keywords
2025-08-22T02:12:10.2455963Z Recipe not found in KV store, proceeding with clipping
2025-08-22T02:12:10.2456933Z Fetching content from: https://example.com/test
2025-08-22T02:12:10.2457521Z HTML fetched, length: 349
2025-08-22T02:12:10.2458015Z Checking for JSON-LD recipe data...
2025-08-22T02:12:10.2458484Z Found 1 JSON-LD script(s)
2025-08-22T02:12:10.2460095Z Parsing JSON-LD content (first 200 chars): {
2025-08-22T02:12:10.2460703Z         "@context": "https://schema.org",
2025-08-22T02:12:10.2461199Z         "@type": "Recipe",
2025-08-22T02:12:10.2461655Z         "name": "String Ingredients",
2025-08-22T02:12:10.2462199Z         "image": "https://example.com/test.jpg",
2025-08-22T02:12:10.2462780Z         "recipeIngredient": "flour, eggs, ...
2025-08-22T02:12:10.2464056Z JSON-LD parsed successfully, structure: { hasType: true, type: 'Recipe', hasGraph: false, graphLength: 0 }
2025-08-22T02:12:10.2465077Z Found direct Recipe object
2025-08-22T02:12:10.2465646Z Found Recipe in JSON-LD! Recipe structure: {
2025-08-22T02:12:10.2466171Z   name: 'String Ingredients',
2025-08-22T02:12:10.2466593Z   hasIngredients: true,
2025-08-22T02:12:10.2467171Z   ingredientCount: 18,
2025-08-22T02:12:10.2467560Z   hasInstructions: true,
2025-08-22T02:12:10.2467958Z   instructionCount: 1
2025-08-22T02:12:10.2468313Z }
2025-08-22T02:12:10.2468659Z Normalizing JSON-LD recipe: {
2025-08-22T02:12:10.2469105Z   name: 'String Ingredients',
2025-08-22T02:12:10.2469498Z   hasImage: true,
2025-08-22T02:12:10.2469842Z   hasDescription: false,
2025-08-22T02:12:10.2470234Z   hasAuthor: false,
2025-08-22T02:12:10.2470611Z   hasIngredients: true,
2025-08-22T02:12:10.2470988Z   ingredientCount: 18,
2025-08-22T02:12:10.2471376Z   hasInstructions: true,
2025-08-22T02:12:10.2471769Z   instructionCount: 1
2025-08-22T02:12:10.2472118Z }
2025-08-22T02:12:10.2472443Z Normalized recipe: {
2025-08-22T02:12:10.2472823Z   name: 'String Ingredients',
2025-08-22T02:12:10.2473335Z   image: 'https://example.com/test.jpg',
2025-08-22T02:12:10.2473822Z   ingredientCount: 1,
2025-08-22T02:12:10.2474209Z   instructionCount: 1
2025-08-22T02:12:10.2474557Z }
2025-08-22T02:12:10.2474945Z JSON-LD recipe validation passed!
2025-08-22T02:12:10.2475830Z Found recipe in JSON-LD! Skipping LLM call.
2025-08-22T02:12:10.2476427Z Recipe extracted from JSON-LD: {
2025-08-22T02:12:10.2477076Z   name: 'String Ingredients',
2025-08-22T02:12:10.2477488Z   ingredients: 1,
2025-08-22T02:12:10.2477818Z   instructions: 1,
2025-08-22T02:12:10.2478262Z   image: 'https://example.com/test.jpg',
2025-08-22T02:12:10.2478735Z   description: '...'
2025-08-22T02:12:10.2479058Z }
2025-08-22T02:12:10.2479445Z Recipe saved to KV store successfully
2025-08-22T02:12:10.2480112Z ✅ JSON-LD with string ingredients
2025-08-22T02:12:10.2480730Z Recipe not found in KV store, proceeding with clipping
2025-08-22T02:12:10.2481401Z Fetching content from: https://example.com/test
2025-08-22T02:12:10.2481903Z HTML fetched, length: 505
2025-08-22T02:12:10.2482353Z Checking for JSON-LD recipe data...
2025-08-22T02:12:10.2482828Z Found 1 JSON-LD script(s)
2025-08-22T02:12:10.2483314Z Parsing JSON-LD content (first 200 chars): {
2025-08-22T02:12:10.2483857Z         "@context": "https://schema.org",
2025-08-22T02:12:10.2484507Z         "@type": "Recipe",
2025-08-22T02:12:10.2484937Z         "name": "Object Instructions",
2025-08-22T02:12:10.2485441Z         "image": "https://example.com/test.jpg",
2025-08-22T02:12:10.2485960Z         "recipeIngredient": ["flour"],
2025-08-22T02:12:10.2486351Z   ...
2025-08-22T02:12:10.2487525Z JSON-LD parsed successfully, structure: { hasType: true, type: 'Recipe', hasGraph: false, graphLength: 0 }
2025-08-22T02:12:10.2488400Z Found direct Recipe object
2025-08-22T02:12:10.2488946Z Found Recipe in JSON-LD! Recipe structure: {
2025-08-22T02:12:10.2489505Z   name: 'Object Instructions',
2025-08-22T02:12:10.2489950Z   hasIngredients: true,
2025-08-22T02:12:10.2490330Z   ingredientCount: 1,
2025-08-22T02:12:10.2490722Z   hasInstructions: true,
2025-08-22T02:12:10.2491113Z   instructionCount: 3
2025-08-22T02:12:10.2491462Z }
2025-08-22T02:12:10.2491836Z Normalizing JSON-LD recipe: {
2025-08-22T02:12:10.2492311Z   name: 'Object Instructions',
2025-08-22T02:12:10.2492734Z   hasImage: true,
2025-08-22T02:12:10.2493104Z   hasDescription: false,
2025-08-22T02:12:10.2493482Z   hasAuthor: false,
2025-08-22T02:12:10.2493829Z   hasIngredients: true,
2025-08-22T02:12:10.2494207Z   ingredientCount: 1,
2025-08-22T02:12:10.2494592Z   hasInstructions: true,
2025-08-22T02:12:10.2494990Z   instructionCount: 3
2025-08-22T02:12:10.2495340Z }
2025-08-22T02:12:10.2495720Z Normalized recipe: {
2025-08-22T02:12:10.2496141Z   name: 'Object Instructions',
2025-08-22T02:12:10.2496662Z   image: 'https://example.com/test.jpg',
2025-08-22T02:12:10.2497357Z   ingredientCount: 1,
2025-08-22T02:12:10.2497723Z   instructionCount: 3
2025-08-22T02:12:10.2498066Z }
2025-08-22T02:12:10.2498444Z JSON-LD recipe validation passed!
2025-08-22T02:12:10.2499026Z Found recipe in JSON-LD! Skipping LLM call.
2025-08-22T02:12:10.2499624Z Recipe extracted from JSON-LD: {
2025-08-22T02:12:10.2500127Z   name: 'Object Instructions',
2025-08-22T02:12:10.2500548Z   ingredients: 1,
2025-08-22T02:12:10.2500914Z   instructions: 3,
2025-08-22T02:12:10.2501373Z   image: 'https://example.com/test.jpg',
2025-08-22T02:12:10.2501858Z   description: '...'
2025-08-22T02:12:10.2502197Z }
2025-08-22T02:12:10.2502605Z Recipe saved to KV store successfully
2025-08-22T02:12:10.2503274Z ✅ JSON-LD with object instructions
2025-08-22T02:12:10.2503856Z ✅ Invalid method returns 404
2025-08-22T02:12:10.2505244Z ✅ Missing URL returns error
2025-08-22T02:12:10.2510849Z Recipe found in KV store, returning cached version
2025-08-22T02:12:10.2514019Z ✅ Cached recipe is returned from KV store
2025-08-22T02:12:10.2514427Z 
2025-08-22T02:12:10.2514721Z 📊 Coverage Gap Test Summary:
2025-08-22T02:12:10.2515226Z    ✅ Passed: 8
2025-08-22T02:12:10.2515605Z    ❌ Failed: 0
2025-08-22T02:12:10.2515967Z    📁 Total: 8
2025-08-22T02:12:10.2516154Z 
2025-08-22T02:12:10.2516475Z 🎉 All coverage gap tests passed!
2025-08-22T02:12:10.2784198Z ✅ test-coverage-gaps.js completed successfully
2025-08-22T02:12:10.2784646Z 
2025-08-22T02:12:10.2785345Z 🔍 Running test-fetch-handler.js...
2025-08-22T02:12:10.2786167Z ──────────────────────────────────────────────────
2025-08-22T02:12:10.3238859Z 🧪 Running Fetch Handler Tests
2025-08-22T02:12:10.3239196Z 
2025-08-22T02:12:10.3503961Z ✅ handles OPTIONS request
2025-08-22T02:12:10.3517017Z ✅ handles health check
2025-08-22T02:12:10.3520070Z ✅ returns 404 for unknown routes
2025-08-22T02:12:10.3521352Z ✅ returns 400 for missing URL
2025-08-22T02:12:10.3524031Z ✅ returns cached recipe when available
2025-08-22T02:12:10.3526619Z ✅ handles GET /recipes/:id
2025-08-22T02:12:10.3529721Z ✅ returns 404 for non-existent recipe
2025-08-22T02:12:10.3531781Z ✅ handles DELETE /recipes/:id
2025-08-22T02:12:10.3534060Z ✅ handles PUT /recipes/:id
2025-08-22T02:12:10.3536071Z ✅ handles fetch errors gracefully
2025-08-22T02:12:10.3537426Z    (Skipping actual HTML extraction test - would need full env)
2025-08-22T02:12:10.3538537Z ✅ extracts recipe from HTML response
2025-08-22T02:12:10.3539134Z 
2025-08-22T02:12:10.3539918Z ==================================================
2025-08-22T02:12:10.3541554Z 📊 Fetch Handler Test Summary:
2025-08-22T02:12:10.3542355Z    ✅ Passed: 11
2025-08-22T02:12:10.3543499Z    ❌ Failed: 0
2025-08-22T02:12:10.3544125Z    📁 Total: 11
2025-08-22T02:12:10.3544469Z 
2025-08-22T02:12:10.3544882Z 🎉 All fetch handler tests passed!
2025-08-22T02:12:10.3742235Z ✅ test-fetch-handler.js completed successfully
2025-08-22T02:12:10.3742670Z 
2025-08-22T02:12:10.3743047Z 🔍 Running test-helper-functions.js...
2025-08-22T02:12:10.3743822Z ──────────────────────────────────────────────────
2025-08-22T02:12:10.4103265Z 🧪 Running Helper Function Tests
2025-08-22T02:12:10.4103572Z 
2025-08-22T02:12:10.4113478Z ✅ extractDescriptionFromHTML - handles various meta formats
2025-08-22T02:12:10.4118139Z ✅ extractYieldFromHTML - handles various yield formats
2025-08-22T02:12:10.4121520Z ✅ convertTimeToISO8601 - handles various time formats
2025-08-22T02:12:10.4129389Z ✅ cleanHtmlForGPT - removes unwanted elements
2025-08-22T02:12:10.4132527Z ✅ cleanHtmlForGPT - truncates long content
2025-08-22T02:12:10.4138852Z ✅ extractRecipeContent - extracts recipe sections
2025-08-22T02:12:10.4140188Z ✅ extractRecipeContent - limits to 10 sections
2025-08-22T02:12:10.4140895Z ✅ handles empty or null inputs gracefully
2025-08-22T02:12:10.4141736Z ✅ handles HTML entities in extracted content
2025-08-22T02:12:10.4142426Z ✅ handles malformed HTML gracefully
2025-08-22T02:12:10.4143119Z ✅ handles special characters in time conversion
2025-08-22T02:12:10.4143781Z ✅ handles nested HTML structures
2025-08-22T02:12:10.4144532Z ✅ handles case sensitivity in patterns
2025-08-22T02:12:10.4144832Z 
2025-08-22T02:12:10.4145072Z ==================================================
2025-08-22T02:12:10.4145649Z 📊 Helper Function Test Summary:
2025-08-22T02:12:10.4146082Z    ✅ Passed: 13
2025-08-22T02:12:10.4146412Z    ❌ Failed: 0
2025-08-22T02:12:10.4146859Z    📁 Total: 13
2025-08-22T02:12:10.4147122Z 
2025-08-22T02:12:10.4147426Z 🎉 All helper function tests passed!
2025-08-22T02:12:10.4241869Z ✅ test-helper-functions.js completed successfully
2025-08-22T02:12:10.4242265Z 
2025-08-22T02:12:10.4242769Z 🔍 Running test-kv-only-behavior.js...
2025-08-22T02:12:10.4243446Z ──────────────────────────────────────────────────
2025-08-22T02:12:10.4650298Z 🧪 Testing KV Store-Only Behavior for Clipped Recipes
2025-08-22T02:12:10.4651023Z 
2025-08-22T02:12:10.4660173Z ✅ Recipe clipping saves only to KV store
2025-08-22T02:12:10.4662070Z ✅ Cached recipes retrieved only from KV store
2025-08-22T02:12:10.4934577Z ✅ Recipe deletion only affects KV store
2025-08-22T02:12:10.4937228Z ✅ Clipper worker has no database endpoints
2025-08-22T02:12:10.4940096Z ✅ Clipper worker only has KV-related endpoints
2025-08-22T02:12:10.4944083Z ✅ KV storage functions work correctly
2025-08-22T02:12:10.4945962Z ✅ No HTTP calls to external databases during recipe clipping
2025-08-22T02:12:10.4946427Z 
2025-08-22T02:12:10.4946869Z ==================================================
2025-08-22T02:12:10.4947976Z 📊 KV Store-Only Test Summary:
2025-08-22T02:12:10.4948459Z    ✅ Passed: 7
2025-08-22T02:12:10.4948835Z    ❌ Failed: 0
2025-08-22T02:12:10.4949199Z    📁 Total: 7
2025-08-22T02:12:10.4949384Z 
2025-08-22T02:12:10.4949698Z 🎉 All KV store-only tests passed!
2025-08-22T02:12:10.4950413Z ✅ Verified: Clipped recipes only save to KV store
2025-08-22T02:12:10.5140040Z ✅ test-kv-only-behavior.js completed successfully
2025-08-22T02:12:10.5140511Z 
2025-08-22T02:12:10.5140885Z 🔍 Running test-recipe-clipper.js...
2025-08-22T02:12:10.5141697Z ──────────────────────────────────────────────────
2025-08-22T02:12:10.5533701Z 🧪 Running Recipe Clipper Tests
2025-08-22T02:12:10.5534037Z 
2025-08-22T02:12:10.5540060Z Test 1: Null response from AI (truncated HTML)
2025-08-22T02:12:10.5541149Z Description: AI correctly returns null when HTML is truncated and recipe data is incomplete
2025-08-22T02:12:10.5547203Z ✅ PASSED
2025-08-22T02:12:10.5547919Z ---
2025-08-22T02:12:10.5548216Z 
2025-08-22T02:12:10.5548712Z Test 2: Valid recipe response
2025-08-22T02:12:10.5549776Z Description: AI returns complete recipe data that should be parsed correctly
2025-08-22T02:12:10.5551789Z ✅ PASSED
2025-08-22T02:12:10.5552075Z ---
2025-08-22T02:12:10.5552708Z 
2025-08-22T02:12:10.5553000Z Test 3: Recipe with alternative field names
2025-08-22T02:12:10.5553990Z Description: AI returns recipe with alternative field names that should be mapped correctly
2025-08-22T02:12:10.5555024Z ✅ PASSED
2025-08-22T02:12:10.5555341Z ---
2025-08-22T02:12:10.5555523Z 
2025-08-22T02:12:10.5555880Z Test 4: Recipe with string ingredients/instructions
2025-08-22T02:12:10.5557178Z Description: AI returns ingredients/instructions as strings that should be split into arrays
2025-08-22T02:12:10.5558410Z ✅ PASSED
2025-08-22T02:12:10.5558717Z ---
2025-08-22T02:12:10.5558890Z 
2025-08-22T02:12:10.5559100Z Test 5: Empty response object
2025-08-22T02:12:10.5559684Z Description: Empty response should return null
2025-08-22T02:12:10.5579383Z Error extracting recipe from AI response: Error: Incomplete recipe data extracted - missing name, image, recipeIngredient, or recipeInstructions
2025-08-22T02:12:10.5581502Z     at extractRecipeFromAIResponse (file:///home/runner/work/seasoned-app/seasoned-app/clipper/src/recipe-clipper.js:1863:15)
2025-08-22T02:12:10.5582587Z ✅ PASSED
2025-08-22T02:12:10.5583056Z ---
2025-08-22T02:12:10.5583262Z 
2025-08-22T02:12:10.5583529Z Test 6: Response with missing content
2025-08-22T02:12:10.5584299Z Description: Response with missing content should return null
2025-08-22T02:12:10.5584994Z ✅ PASSED
2025-08-22T02:12:10.5585302Z ---
2025-08-22T02:12:10.5585469Z 
2025-08-22T02:12:10.5585717Z Test 7: Response with invalid JSON
2025-08-22T02:12:10.5586305Z Description: Invalid JSON should return null
2025-08-22T02:12:10.5587486Z     at file:///home/runner/work/seasoned-app/seasoned-app/clipper/tests/test-recipe-clipper.js:224:22
2025-08-22T02:12:10.5588405Z     at Array.forEach (<anonymous>)
2025-08-22T02:12:10.5589439Z     at runTests (file:///home/runner/work/seasoned-app/seasoned-app/clipper/tests/test-recipe-clipper.js:219:13)
2025-08-22T02:12:10.5590829Z     at file:///home/runner/work/seasoned-app/seasoned-app/clipper/tests/test-recipe-clipper.js:259:3
2025-08-22T02:12:10.5591882Z     at ModuleJob.run (node:internal/modules/esm/module_job:195:25)
2025-08-22T02:12:10.5592749Z     at async ModuleLoader.import (node:internal/modules/esm/loader:337:24)
2025-08-22T02:12:10.5593587Z     at async loadESM (node:internal/process/esm_loader:34:7)
2025-08-22T02:12:10.5594396Z     at async handleMainPromise (node:internal/modules/run_main:106:12)
2025-08-22T02:12:10.5595946Z Error extracting recipe from AI response: Error: Incomplete recipe data extracted - missing name, image, recipeIngredient, or recipeInstructions
2025-08-22T02:12:10.5597978Z     at extractRecipeFromAIResponse (file:///home/runner/work/seasoned-app/seasoned-app/clipper/src/recipe-clipper.js:1863:15)
2025-08-22T02:12:10.5599389Z     at file:///home/runner/work/seasoned-app/seasoned-app/clipper/tests/test-recipe-clipper.js:224:22
2025-08-22T02:12:10.5600466Z     at Array.forEach (<anonymous>)
2025-08-22T02:12:10.5601402Z     at runTests (file:///home/runner/work/seasoned-app/seasoned-app/clipper/tests/test-recipe-clipper.js:219:13)
2025-08-22T02:12:10.5602549Z     at file:///home/runner/work/seasoned-app/seasoned-app/clipper/tests/test-recipe-clipper.js:259:3
2025-08-22T02:12:10.5603205Z     at ModuleJob.run (node:internal/modules/esm/module_job:195:25)
2025-08-22T02:12:10.5604029Z     at async ModuleLoader.import (node:internal/modules/esm/loader:337:24)
2025-08-22T02:12:10.5604838Z     at async loadESM (node:internal/process/esm_loader:34:7)
2025-08-22T02:12:10.5605609Z     at async handleMainPromise (node:internal/modules/run_main:106:12)
2025-08-22T02:12:10.5606496Z Cleaned JSON content (first 300 chars): { invalid json content...
2025-08-22T02:12:10.5607748Z Error extracting recipe from AI response: Error: Failed to parse recipe data from AI response
2025-08-22T02:12:10.5609378Z     at extractRecipeFromAIResponse (file:///home/runner/work/seasoned-app/seasoned-app/clipper/src/recipe-clipper.js:1830:13)
2025-08-22T02:12:10.5610847Z     at file:///home/runner/work/seasoned-app/seasoned-app/clipper/tests/test-recipe-clipper.js:224:22
2025-08-22T02:12:10.5611693Z     at Array.forEach (<anonymous>)
2025-08-22T02:12:10.5612637Z     at runTests (file:///home/runner/work/seasoned-app/seasoned-app/clipper/tests/test-recipe-clipper.js:219:13)
2025-08-22T02:12:10.5613922Z     at file:///home/runner/work/seasoned-app/seasoned-app/clipper/tests/test-recipe-clipper.js:259:3
2025-08-22T02:12:10.5614887Z     at ModuleJob.run (node:internal/modules/esm/module_job:195:25)
2025-08-22T02:12:10.5615691Z     at async ModuleLoader.import (node:internal/modules/esm/loader:337:24)
2025-08-22T02:12:10.5616460Z     at async loadESM (node:internal/process/esm_loader:34:7)
2025-08-22T02:12:10.5617433Z     at async handleMainPromise (node:internal/modules/run_main:106:12)
2025-08-22T02:12:10.5618103Z ✅ PASSED
2025-08-22T02:12:10.5618383Z ---
2025-08-22T02:12:10.5618537Z 
2025-08-22T02:12:10.5618566Z 
2025-08-22T02:12:10.5618875Z 📊 Test Results: 7 passed, 0 failed
2025-08-22T02:12:10.5619359Z 🎉 All tests passed!
2025-08-22T02:12:10.5722976Z ✅ test-recipe-clipper.js completed successfully
2025-08-22T02:12:10.5723361Z 
2025-08-22T02:12:10.5723737Z 🔍 Running test-specific-recipe.js...
2025-08-22T02:12:10.5724542Z ──────────────────────────────────────────────────
2025-08-22T02:12:10.6119194Z 🚀 Starting Chef John's Recipe Tests
2025-08-22T02:12:10.6119556Z 
2025-08-22T02:12:10.6125717Z 🧪 Testing Chef John's Salt Roasted Chicken Recipe Extraction
2025-08-22T02:12:10.6127278Z 📍 URL: https://www.allrecipes.com/recipe/235171/chef-johns-salt-roasted-chicken/
2025-08-22T02:12:10.6127932Z 
2025-08-22T02:12:10.6136196Z ✅ Recipe extraction successful!
2025-08-22T02:12:10.6136534Z 
2025-08-22T02:12:10.6136969Z 📋 Recipe Details:
2025-08-22T02:12:10.6137440Z    Name: Chef John's Salt Roasted Chicken
2025-08-22T02:12:10.6138988Z    Description: This is one of those rare recipes where the name is the same as the ingredient list. You're going to be so shocked at how flavorful, juicy, and amazing this roast chicken comes out.
2025-08-22T02:12:10.6140284Z    Author: John Mitzewich
2025-08-22T02:12:10.6140763Z    Rating: undefined (undefined reviews)
2025-08-22T02:12:10.6141255Z    Prep Time: undefined
2025-08-22T02:12:10.6141646Z    Cook Time: undefined
2025-08-22T02:12:10.6142024Z    Total Time: undefined
2025-08-22T02:12:10.6142396Z    Servings: undefined
2025-08-22T02:12:10.6142778Z    Difficulty: undefined
2025-08-22T02:12:10.6143468Z    Image: https://images.media-allrecipes.com/userphotos/720x405/4560646.jpg
2025-08-22T02:12:10.6144530Z    Source: https://www.allrecipes.com/recipe/235171/chef-johns-salt-roasted-chicken/
2025-08-22T02:12:10.6145129Z 
2025-08-22T02:12:10.6145594Z 🥘 Ingredients (${recipe.ingredients.length}):
2025-08-22T02:12:10.6146238Z    1. 1 (3 1/2) pound whole chicken at room temperature
2025-08-22T02:12:10.6147402Z    2. 3 tablespoons kosher salt, or as needed
2025-08-22T02:12:10.6147999Z    3. 1 tablespoon chopped fresh thyme
2025-08-22T02:12:10.6148520Z    4. 1 lemon, juiced
2025-08-22T02:12:10.6149029Z    5. ⅓ cup chicken broth
2025-08-22T02:12:10.6149540Z    6. 1 tablespoon water, or as needed (Optional)
2025-08-22T02:12:10.6150242Z    7. 2 tablespoons cold butter, cut into four pieces
2025-08-22T02:12:10.6150906Z    8. salt and freshly ground black pepper to taste
2025-08-22T02:12:10.6151511Z    9. 1 pinch cayenne pepper, or to taste
2025-08-22T02:12:10.6151838Z 
2025-08-22T02:12:10.6152326Z 👨‍🍳 Instructions (${recipe.instructions.length}):
2025-08-22T02:12:10.6153007Z    1. Preheat oven to 450 degrees F (230 degrees C).
2025-08-22T02:12:10.6154504Z    2. Dry the outside of chicken with paper towels. Tuck the wing tips underneath the chicken and place into a large oven-safe skillet. Use scissors to snip off the tail, if desired.
2025-08-22T02:12:10.6157684Z    3. Generously sprinkle kosher salt into the cavity and over the back and sides of chicken. Tie chicken legs together with kitchen twine. Sprinkle salt generously over the breasts, coating them thoroughly. Wipe excess salt out of skillet with paper towels.
2025-08-22T02:12:10.6160873Z    4. Bake chicken in the preheated oven until an instant-read meat thermometer inserted into a thigh, not touching bone, reads 160 degrees C (70 degrees C), 50 to 60 minutes. Remove from skillet to a serving platter and let rest 5 to 10 minutes.
2025-08-22T02:12:10.6164862Z    5. Blot about 90 percent of the chicken fat from the skillet with a paper towel held with tongs, leaving the browned bits of food in the skillet. Place skillet over medium-high heat and add thyme leaves. Cook and stir until thyme is wilted, 1 to 2 minutes. Pour lemon juice, chicken broth, and water into skillet, stirring until the browned bits dissolve and the sauce has reduced by about half, 1 to 2 minutes.
2025-08-22T02:12:10.6169483Z    6. Reduce heat to low, add cold butter, and stir until butter has begun to melt. Add any accumulated juices from the chicken to sauce and continue to stir until butter is incorporated and sauce is slightly thickened, about 1 minute. Remove from heat and season with salt, black pepper, and cayenne pepper to taste. Spoon sauce over chicken to serve.
2025-08-22T02:12:10.6171442Z 
2025-08-22T02:12:10.6171708Z 📊 Full Recipe Data:
2025-08-22T02:12:10.6172047Z {
2025-08-22T02:12:10.6172421Z   "name": "Chef John's Salt Roasted Chicken",
2025-08-22T02:12:10.6173228Z   "image": "https://images.media-allrecipes.com/userphotos/720x405/4560646.jpg",
2025-08-22T02:12:10.6174871Z   "description": "This is one of those rare recipes where the name is the same as the ingredient list. You're going to be so shocked at how flavorful, juicy, and amazing this roast chicken comes out.",
2025-08-22T02:12:10.6176128Z   "author": "John Mitzewich",
2025-08-22T02:12:10.6176524Z   "datePublished": "",
2025-08-22T02:12:10.6177064Z   "prepTime": "",
2025-08-22T02:12:10.6177385Z   "cookTime": "",
2025-08-22T02:12:10.6177711Z   "totalTime": "",
2025-08-22T02:12:10.6178040Z   "recipeYield": "4",
2025-08-22T02:12:10.6178384Z   "recipeCategory": "",
2025-08-22T02:12:10.6178730Z   "recipeCuisine": "",
2025-08-22T02:12:10.6179067Z   "keywords": "",
2025-08-22T02:12:10.6179377Z   "recipeIngredient": [
2025-08-22T02:12:10.6179851Z     "1 (3 1/2) pound whole chicken at room temperature",
2025-08-22T02:12:10.6180420Z     "3 tablespoons kosher salt, or as needed",
2025-08-22T02:12:10.6180946Z     "1 tablespoon chopped fresh thyme",
2025-08-22T02:12:10.6181371Z     "1 lemon, juiced",
2025-08-22T02:12:10.6181813Z     "⅓ cup chicken broth",
2025-08-22T02:12:10.6182277Z     "1 tablespoon water, or as needed (Optional)",
2025-08-22T02:12:10.6182869Z     "2 tablespoons cold butter, cut into four pieces",
2025-08-22T02:12:10.6183468Z     "salt and freshly ground black pepper to taste",
2025-08-22T02:12:10.6184013Z     "1 pinch cayenne pepper, or to taste"
2025-08-22T02:12:10.6184420Z   ],
2025-08-22T02:12:10.6184982Z   "recipeInstructions": [
2025-08-22T02:12:10.6185337Z     {
2025-08-22T02:12:10.6185632Z       "@type": "HowToStep",
2025-08-22T02:12:10.6186166Z       "text": "Preheat oven to 450 degrees F (230 degrees C)."
2025-08-22T02:12:10.6186662Z     },
2025-08-22T02:12:10.6187080Z     {
2025-08-22T02:12:10.6187367Z       "@type": "HowToStep",
2025-08-22T02:12:10.6188715Z       "text": "Dry the outside of chicken with paper towels. Tuck the wing tips underneath the chicken and place into a large oven-safe skillet. Use scissors to snip off the tail, if desired."
2025-08-22T02:12:10.6189912Z     },
2025-08-22T02:12:10.6190182Z     {
2025-08-22T02:12:10.6190456Z       "@type": "HowToStep",
2025-08-22T02:12:10.6192332Z       "text": "Generously sprinkle kosher salt into the cavity and over the back and sides of chicken. Tie chicken legs together with kitchen twine. Sprinkle salt generously over the breasts, coating them thoroughly. Wipe excess salt out of skillet with paper towels."
2025-08-22T02:12:10.6193987Z     },
2025-08-22T02:12:10.6194247Z     {
2025-08-22T02:12:10.6194722Z       "@type": "HowToStep",
2025-08-22T02:12:10.6196440Z       "text": "Bake chicken in the preheated oven until an instant-read meat thermometer inserted into a thigh, not touching bone, reads 160 degrees C (70 degrees C), 50 to 60 minutes. Remove from skillet to a serving platter and let rest 5 to 10 minutes."
2025-08-22T02:12:10.6198108Z     },
2025-08-22T02:12:10.6198373Z     {
2025-08-22T02:12:10.6198655Z       "@type": "HowToStep",
2025-08-22T02:12:10.6201398Z       "text": "Blot about 90 percent of the chicken fat from the skillet with a paper towel held with tongs, leaving the browned bits of food in the skillet. Place skillet over medium-high heat and add thyme leaves. Cook and stir until thyme is wilted, 1 to 2 minutes. Pour lemon juice, chicken broth, and water into skillet, stirring until the browned bits dissolve and the sauce has reduced by about half, 1 to 2 minutes."
2025-08-22T02:12:10.6203724Z     },
2025-08-22T02:12:10.6203980Z     {
2025-08-22T02:12:10.6204240Z       "@type": "HowToStep",
2025-08-22T02:12:10.6206619Z       "text": "Reduce heat to low, add cold butter, and stir until butter has begun to melt. Add any accumulated juices from the chicken to sauce and continue to stir until butter is incorporated and sauce is slightly thickened, about 1 minute. Remove from heat and season with salt, black pepper, and cayenne pepper to taste. Spoon sauce over chicken to serve."
2025-08-22T02:12:10.6208816Z     }
2025-08-22T02:12:10.6209065Z   ],
2025-08-22T02:12:10.6209324Z   "nutrition": null,
2025-08-22T02:12:10.6209663Z   "aggregateRating": null,
2025-08-22T02:12:10.6210001Z   "video": null,
2025-08-22T02:12:10.6210703Z   "source_url": "https://www.allrecipes.com/recipe/235171/chef-johns-salt-roasted-chicken/",
2025-08-22T02:12:10.6211412Z   "ingredients": [
2025-08-22T02:12:10.6211842Z     "1 (3 1/2) pound whole chicken at room temperature",
2025-08-22T02:12:10.6212392Z     "3 tablespoons kosher salt, or as needed",
2025-08-22T02:12:10.6212900Z     "1 tablespoon chopped fresh thyme",
2025-08-22T02:12:10.6213314Z     "1 lemon, juiced",
2025-08-22T02:12:10.6213737Z     "⅓ cup chicken broth",
2025-08-22T02:12:10.6214182Z     "1 tablespoon water, or as needed (Optional)",
2025-08-22T02:12:10.6214747Z     "2 tablespoons cold butter, cut into four pieces",
2025-08-22T02:12:10.6215336Z     "salt and freshly ground black pepper to taste",
2025-08-22T02:12:10.6215867Z     "1 pinch cayenne pepper, or to taste"
2025-08-22T02:12:10.6216271Z   ],
2025-08-22T02:12:10.6216539Z   "instructions": [
2025-08-22T02:12:10.6217117Z     "Preheat oven to 450 degrees F (230 degrees C).",
2025-08-22T02:12:10.6218521Z     "Dry the outside of chicken with paper towels. Tuck the wing tips underneath the chicken and place into a large oven-safe skillet. Use scissors to snip off the tail, if desired.",
2025-08-22T02:12:10.6221160Z     "Generously sprinkle kosher salt into the cavity and over the back and sides of chicken. Tie chicken legs together with kitchen twine. Sprinkle salt generously over the breasts, coating them thoroughly. Wipe excess salt out of skillet with paper towels.",
2025-08-22T02:12:10.6224357Z     "Bake chicken in the preheated oven until an instant-read meat thermometer inserted into a thigh, not touching bone, reads 160 degrees C (70 degrees C), 50 to 60 minutes. Remove from skillet to a serving platter and let rest 5 to 10 minutes.",
2025-08-22T02:12:10.6228317Z     "Blot about 90 percent of the chicken fat from the skillet with a paper towel held with tongs, leaving the browned bits of food in the skillet. Place skillet over medium-high heat and add thyme leaves. Cook and stir until thyme is wilted, 1 to 2 minutes. Pour lemon juice, chicken broth, and water into skillet, stirring until the browned bits dissolve and the sauce has reduced by about half, 1 to 2 minutes.",
2025-08-22T02:12:10.6233003Z     "Reduce heat to low, add cold butter, and stir until butter has begun to melt. Add any accumulated juices from the chicken to sauce and continue to stir until butter is incorporated and sauce is slightly thickened, about 1 minute. Remove from heat and season with salt, black pepper, and cayenne pepper to taste. Spoon sauce over chicken to serve."
2025-08-22T02:12:10.6235094Z   ],
2025-08-22T02:12:10.6235716Z   "image_url": "https://images.media-allrecipes.com/userphotos/720x405/4560646.jpg"
2025-08-22T02:12:10.6236370Z }
2025-08-22T02:12:10.6236537Z 
2025-08-22T02:12:10.6237043Z 🧪 Testing Alternative Field Names
2025-08-22T02:12:10.6237691Z ✅ Alternative field names mapped correctly:
2025-08-22T02:12:10.6238227Z    Name: Chef John's Salt Roasted Chicken
2025-08-22T02:12:10.6238664Z    Ingredients: 2 items
2025-08-22T02:12:10.6239019Z    Instructions: 2 steps
2025-08-22T02:12:10.6239245Z 
2025-08-22T02:12:10.6239449Z 🔍 Recipe Validation
2025-08-22T02:12:10.6239844Z    ✅ Recipe Name: Valid
2025-08-22T02:12:10.6240239Z    ✅ Ingredients: Valid
2025-08-22T02:12:10.6240630Z    ✅ Instructions: Valid
2025-08-22T02:12:10.6241031Z    ✅ Source URL: Valid
2025-08-22T02:12:10.6241440Z    ✅ Description: Valid
2025-08-22T02:12:10.6241837Z    ✅ Prep Time: Valid
2025-08-22T02:12:10.6242216Z    ✅ Cook Time: Valid
2025-08-22T02:12:10.6242578Z    ✅ Servings: Valid
2025-08-22T02:12:10.6242788Z 
2025-08-22T02:12:10.6243079Z 📊 Validation Results: 8/8 passed
2025-08-22T02:12:10.6243351Z 
2025-08-22T02:12:10.6243858Z 🎉 All tests passed! The recipe extraction is working perfectly.
2025-08-22T02:12:10.6244288Z 
2025-08-22T02:12:10.6244579Z 🎯 Specific recipe tests completed!
2025-08-22T02:12:10.6310081Z ✅ test-specific-recipe.js completed successfully
2025-08-22T02:12:10.6310468Z 
2025-08-22T02:12:10.6310846Z 🔍 Running test-unit-functions-fixed.js...
2025-08-22T02:12:10.6311566Z ──────────────────────────────────────────────────
2025-08-22T02:12:10.6693197Z 🧪 Running Fixed Unit Tests for Recipe Clipper Functions
2025-08-22T02:12:10.6693668Z 
2025-08-22T02:12:10.6707114Z ✅ extractRecipeFromAIResponse - handles valid recipe response
2025-08-22T02:12:10.6708274Z ✅ extractRecipeFromAIResponse - handles null response
2025-08-22T02:12:10.6709877Z ✅ extractRecipeFromAIResponse - handles recipe with time fields
2025-08-22T02:12:10.6712553Z ✅ extractRecipeFromAIResponse - handles nutrition data
2025-08-22T02:12:10.6714696Z ✅ extractRecipeFromAIResponse - handles rating data
2025-08-22T02:12:10.6716545Z ✅ extractRecipeFromAIResponse - handles video data
2025-08-22T02:12:10.6718456Z ✅ extractRecipeFromAIResponse - handles array image
2025-08-22T02:12:10.6721095Z ✅ extractRecipeFromAIResponse - handles string instructions
2025-08-22T02:12:10.6722463Z ✅ extractRecipeFromAIResponse - handles object author
2025-08-22T02:12:10.6724097Z ✅ extractRecipeFromAIResponse - handles missing optional fields
2025-08-22T02:12:10.6725814Z ✅ extractRecipeFromAIResponse - handles complex instructions
2025-08-22T02:12:10.6731982Z Cleaned JSON content (first 300 chars): { invalid json...
2025-08-22T02:12:10.6748393Z Error extracting recipe from AI response: Error: Failed to parse recipe data from AI response
2025-08-22T02:12:10.6750195Z     at extractRecipeFromAIResponse (file:///home/runner/work/seasoned-app/seasoned-app/clipper/src/recipe-clipper.js:1830:13)
2025-08-22T02:12:10.6751807Z     at file:///home/runner/work/seasoned-app/seasoned-app/clipper/tests/test-unit-functions-fixed.js:288:18
2025-08-22T02:12:10.6753279Z     at test (file:///home/runner/work/seasoned-app/seasoned-app/clipper/tests/test-unit-functions-fixed.js:11:5)
2025-08-22T02:12:10.6754768Z     at file:///home/runner/work/seasoned-app/seasoned-app/clipper/tests/test-unit-functions-fixed.js:277:1
2025-08-22T02:12:10.6755855Z     at ModuleJob.run (node:internal/modules/esm/module_job:195:25)
2025-08-22T02:12:10.6756941Z     at async ModuleLoader.import (node:internal/modules/esm/loader:337:24)
2025-08-22T02:12:10.6757803Z     at async loadESM (node:internal/process/esm_loader:34:7)
2025-08-22T02:12:10.6758600Z     at async handleMainPromise (node:internal/modules/run_main:106:12)
2025-08-22T02:12:10.6759655Z ✅ extractRecipeFromAIResponse - handles error gracefully
2025-08-22T02:12:10.6760618Z ✅ extractRecipeFromAIResponse - handles empty response
2025-08-22T02:12:10.6762138Z Error extracting recipe from AI response: Error: Incomplete recipe data extracted - missing name, image, recipeIngredient, or recipeInstructions
2025-08-22T02:12:10.6763892Z     at extractRecipeFromAIResponse (file:///home/runner/work/seasoned-app/seasoned-app/clipper/src/recipe-clipper.js:1863:15)
2025-08-22T02:12:10.6765387Z     at file:///home/runner/work/seasoned-app/seasoned-app/clipper/tests/test-unit-functions-fixed.js:306:18
2025-08-22T02:12:10.6766977Z     at test (file:///home/runner/work/seasoned-app/seasoned-app/clipper/tests/test-unit-functions-fixed.js:11:5)
2025-08-22T02:12:10.6768313Z     at file:///home/runner/work/seasoned-app/seasoned-app/clipper/tests/test-unit-functions-fixed.js:299:1
2025-08-22T02:12:10.6769340Z     at ModuleJob.run (node:internal/modules/esm/module_job:195:25)
2025-08-22T02:12:10.6770148Z     at async ModuleLoader.import (node:internal/modules/esm/loader:337:24)
2025-08-22T02:12:10.6770935Z     at async loadESM (node:internal/process/esm_loader:34:7)
2025-08-22T02:12:10.6771682Z     at async handleMainPromise (node:internal/modules/run_main:106:12)
2025-08-22T02:12:10.6773173Z Error extracting recipe from AI response: Error: Incomplete recipe data extracted - missing name, image, recipeIngredient, or recipeInstructions
2025-08-22T02:12:10.6774882Z     at extractRecipeFromAIResponse (file:///home/runner/work/seasoned-app/seasoned-app/clipper/src/recipe-clipper.js:1863:15)
2025-08-22T02:12:10.6776358Z     at file:///home/runner/work/seasoned-app/seasoned-app/clipper/tests/test-unit-functions-fixed.js:348:18
2025-08-22T02:12:10.6777859Z     at test (file:///home/runner/work/seasoned-app/seasoned-app/clipper/tests/test-unit-functions-fixed.js:11:5)
2025-08-22T02:12:10.6779226Z     at file:///home/runner/work/seasoned-app/seasoned-app/clipper/tests/test-unit-functions-fixed.js:333:1
2025-08-22T02:12:10.6780230Z     at ModuleJob.run (node:internal/modules/esm/module_job:195:25)
2025-08-22T02:12:10.6781258Z     at async ModuleLoader.import (node:internal/modules/esm/loader:337:24)
2025-08-22T02:12:10.6782030Z     at async loadESM (node:internal/process/esm_loader:34:7)
2025-08-22T02:12:10.6782768Z     at async handleMainPromise (node:internal/modules/run_main:106:12)
2025-08-22T02:12:10.6783707Z ✅ extractRecipeFromAIResponse - handles missing content
2025-08-22T02:12:10.6784621Z ✅ extractRecipeFromAIResponse - handles alternative field names
2025-08-22T02:12:10.6785517Z ✅ extractRecipeFromAIResponse - validates required fields
2025-08-22T02:12:10.6786369Z ✅ extractRecipeFromAIResponse - handles yield variations
2025-08-22T02:12:10.6787406Z ✅ extractRecipeFromAIResponse - handles keywords variations
2025-08-22T02:12:10.6787832Z 
2025-08-22T02:12:10.6788072Z ==================================================
2025-08-22T02:12:10.6788599Z 📊 Fixed Unit Test Summary:
2025-08-22T02:12:10.6789009Z    ✅ Passed: 18
2025-08-22T02:12:10.6789338Z    ❌ Failed: 0
2025-08-22T02:12:10.6789680Z    📁 Total: 18
2025-08-22T02:12:10.6789862Z 
2025-08-22T02:12:10.6790316Z 🎉 All fixed unit tests passed!
2025-08-22T02:12:10.6881887Z ✅ test-unit-functions-fixed.js completed successfully
2025-08-22T02:12:10.6882319Z 
2025-08-22T02:12:10.6882697Z 🔍 Running test-utility-functions.js...
2025-08-22T02:12:10.6883435Z ──────────────────────────────────────────────────
2025-08-22T02:12:10.7249742Z 🧪 Running Utility Function Tests
2025-08-22T02:12:10.7255174Z ──────────────────────────────────────────────────
2025-08-22T02:12:10.7311161Z Recipe extraction error: ReferenceError: crypto is not defined
2025-08-22T02:12:10.7312397Z     at generateRecipeId (file:///home/runner/work/seasoned-app/seasoned-app/shared/kv-storage.js:11:3)
2025-08-22T02:12:10.7313973Z     at Object.fetch (file:///home/runner/work/seasoned-app/seasoned-app/clipper/src/recipe-clipper.js:82:34)
2025-08-22T02:12:10.7315497Z     at async file:///home/runner/work/seasoned-app/seasoned-app/clipper/tests/test-utility-functions.js:110:20
2025-08-22T02:12:10.7317494Z     at async test (file:///home/runner/work/seasoned-app/seasoned-app/clipper/tests/test-utility-functions.js:24:5)
2025-08-22T02:12:10.7319107Z     at async file:///home/runner/work/seasoned-app/seasoned-app/clipper/tests/test-utility-functions.js:39:1
2025-08-22T02:12:10.7591943Z ✅ convertTimeToISO8601 - converts various time formats
2025-08-22T02:12:10.7595188Z Recipe extraction error: ReferenceError: crypto is not defined
2025-08-22T02:12:10.7596447Z     at generateRecipeId (file:///home/runner/work/seasoned-app/seasoned-app/shared/kv-storage.js:11:3)
2025-08-22T02:12:10.7598081Z     at Object.fetch (file:///home/runner/work/seasoned-app/seasoned-app/clipper/src/recipe-clipper.js:82:34)
2025-08-22T02:12:10.7599725Z     at async file:///home/runner/work/seasoned-app/seasoned-app/clipper/tests/test-utility-functions.js:188:20
2025-08-22T02:12:10.7601246Z     at async test (file:///home/runner/work/seasoned-app/seasoned-app/clipper/tests/test-utility-functions.js:24:5)
2025-08-22T02:12:10.7602731Z     at async file:///home/runner/work/seasoned-app/seasoned-app/clipper/tests/test-utility-functions.js:117:1
2025-08-22T02:12:10.7603932Z Recipe extraction error: ReferenceError: crypto is not defined
2025-08-22T02:12:10.7605044Z     at generateRecipeId (file:///home/runner/work/seasoned-app/seasoned-app/shared/kv-storage.js:11:3)
2025-08-22T02:12:10.7606432Z     at Object.fetch (file:///home/runner/work/seasoned-app/seasoned-app/clipper/src/recipe-clipper.js:82:34)
2025-08-22T02:12:10.7608179Z     at async file:///home/runner/work/seasoned-app/seasoned-app/clipper/tests/test-utility-functions.js:274:20
2025-08-22T02:12:10.7609661Z     at async test (file:///home/runner/work/seasoned-app/seasoned-app/clipper/tests/test-utility-functions.js:24:5)
2025-08-22T02:12:10.7611030Z     at async file:///home/runner/work/seasoned-app/seasoned-app/clipper/tests/test-utility-functions.js:195:1
2025-08-22T02:12:10.7612232Z ✅ HTML extraction functions - extract metadata from HTML
2025-08-22T02:12:10.7613354Z ✅ JSON-LD processing - handles structured data
2025-08-22T02:12:10.7614146Z Recipe extraction error: ReferenceError: crypto is not defined
2025-08-22T02:12:10.7615185Z     at generateRecipeId (file:///home/runner/work/seasoned-app/seasoned-app/shared/kv-storage.js:11:3)
2025-08-22T02:12:10.7616449Z     at Object.fetch (file:///home/runner/work/seasoned-app/seasoned-app/clipper/src/recipe-clipper.js:82:34)
2025-08-22T02:12:10.7617982Z     at async file:///home/runner/work/seasoned-app/seasoned-app/clipper/tests/test-utility-functions.js:333:20
2025-08-22T02:12:10.7619360Z     at async test (file:///home/runner/work/seasoned-app/seasoned-app/clipper/tests/test-utility-functions.js:24:5)
2025-08-22T02:12:10.7620701Z     at async file:///home/runner/work/seasoned-app/seasoned-app/clipper/tests/test-utility-functions.js:281:1
2025-08-22T02:12:10.7621798Z ✅ Additional utility function coverage
2025-08-22T02:12:10.7622124Z 
2025-08-22T02:12:10.7622442Z 📊 Utility Function Tests Summary
2025-08-22T02:12:10.7623117Z These tests exercise previously untested utility functions
2025-08-22T02:12:10.7623988Z to improve overall function coverage.
2025-08-22T02:12:10.7624746Z ✅ Current local function coverage should be >90%
2025-08-22T02:12:10.7861304Z ✅ test-utility-functions.js completed successfully
2025-08-22T02:12:10.7861864Z 
2025-08-22T02:12:10.7862130Z ==================================================
2025-08-22T02:12:10.7862738Z 📊 Test Summary:
2025-08-22T02:12:10.7863171Z    ✅ Passed: 8
2025-08-22T02:12:10.7863589Z    ❌ Failed: 1
2025-08-22T02:12:10.7863976Z    📁 Total: 9
2025-08-22T02:12:10.7864172Z 
2025-08-22T02:12:10.7864638Z ⚠️  Some tests failed. Please check the output above.
2025-08-22T02:12:10.8769771Z -------------------|---------|----------|---------|---------|---------------------------------------
2025-08-22T02:12:10.8771501Z File               | % Stmts | % Branch | % Funcs | % Lines | Uncovered Line #s                     
2025-08-22T02:12:10.8772632Z -------------------|---------|----------|---------|---------|---------------------------------------
2025-08-22T02:12:10.8776803Z All files          |   30.81 |    65.78 |   43.75 |   30.81 |                                       
2025-08-22T02:12:10.8800492Z  recipe-clipper.js |   30.81 |    65.78 |   43.75 |   30.81 | ...2300,2309-2310,2347-2348,2351-2352 
2025-08-22T02:12:10.8801698Z -------------------|---------|----------|---------|---------|---------------------------------------
2025-08-22T02:12:10.9183507Z ERROR: Coverage for lines (30.81%) does not meet global threshold (68%)
2025-08-22T02:12:10.9184500Z ERROR: Coverage for functions (43.75%) does not meet global threshold (93%)
2025-08-22T02:12:10.9185422Z ERROR: Coverage for statements (30.81%) does not meet global threshold (68%)
2025-08-22T02:12:10.9458439Z ##[error]Process completed with exit code 1.
2025-08-22T02:12:10.9528830Z ##[group]Run actions/upload-artifact@v4
2025-08-22T02:12:10.9529103Z with:
2025-08-22T02:12:10.9529287Z   name: clipper-coverage-reports
2025-08-22T02:12:10.9529539Z   path: clipper/coverage/

2025-08-22T02:12:10.9529750Z   retention-days: 30
2025-08-22T02:12:10.9529937Z   if-no-files-found: warn
2025-08-22T02:12:10.9530139Z   compression-level: 6
2025-08-22T02:12:10.9530320Z   overwrite: false
2025-08-22T02:12:10.9530506Z   include-hidden-files: false
2025-08-22T02:12:10.9530710Z ##[endgroup]
2025-08-22T02:12:11.1910001Z With the provided path, there will be 21 files uploaded
2025-08-22T02:12:11.1914316Z Artifact name is valid!
2025-08-22T02:12:11.1915706Z Root directory input is valid!
2025-08-22T02:12:11.3129853Z Beginning upload of artifact content to blob storage
2025-08-22T02:12:11.4650140Z Uploaded bytes 478329
2025-08-22T02:12:11.4800120Z Finished uploading artifact content to blob storage!
2025-08-22T02:12:11.4804775Z SHA256 digest of uploaded artifact zip is bd1ffe0ea5c85858bd0ab88f52febfdfb0ddd58a9e7aa616924ea8b10df6b86d
2025-08-22T02:12:11.4806439Z Finalizing artifact upload
2025-08-22T02:12:11.5530725Z Artifact clipper-coverage-reports.zip successfully finalized. Artifact ID 3824637451
2025-08-22T02:12:11.5532537Z Artifact clipper-coverage-reports has been successfully uploaded! Final size is 478329 bytes. Artifact ID is 3824637451
2025-08-22T02:12:11.5538252Z Artifact download URL: https://github.com/NolanFoster/seasoned-app/actions/runs/17144113281/artifacts/3824637451
2025-08-22T02:12:11.5688929Z ##[group]Run actions/github-script@v7
2025-08-22T02:12:11.5689214Z with:
2025-08-22T02:12:11.5697634Z   script: const fs = require('fs');
const path = require('path');

let comment = '## 📊 Clipper Coverage Report\n\n';

const coveragePath = 'clipper/coverage/lcov.info';
if (fs.existsSync(coveragePath)) {
  try {
    // Read and parse coverage data
    const coverageData = fs.readFileSync(coveragePath, 'utf8');
    const lines = coverageData.split('\n');
    
    let totalLines = 0, coveredLines = 0;
    let totalFunctions = 0, coveredFunctions = 0;
    let totalBranches = 0, coveredBranches = 0;
    
    for (const line of lines) {
      if (line.startsWith('LF:')) totalLines += parseInt(line.split(':')[1]);
      if (line.startsWith('LH:')) coveredLines += parseInt(line.split(':')[1]);
      if (line.startsWith('FNF:')) totalFunctions += parseInt(line.split(':')[1]);
      if (line.startsWith('FNH:')) coveredFunctions += parseInt(line.split(':')[1]);
      if (line.startsWith('BRF:')) totalBranches += parseInt(line.split(':')[1]);
      if (line.startsWith('BRH:')) coveredBranches += parseInt(line.split(':')[1]);
    }
    
    const linePercent = totalLines > 0 ? ((coveredLines / totalLines) * 100).toFixed(1) : 'N/A';
    const functionPercent = totalFunctions > 0 ? ((coveredFunctions / totalFunctions) * 100).toFixed(1) : 'N/A';
    const branchPercent = totalBranches > 0 ? ((coveredBranches / totalBranches) * 100).toFixed(1) : 'N/A';
    
    comment += `| Metric | Coverage | Covered/Total |\n`;
    comment += `|--------|----------|---------------|\n`;
    comment += `| Lines | ${linePercent}% | ${coveredLines}/${totalLines} |\n`;
    comment += `| Functions | ${functionPercent}% | ${coveredFunctions}/${totalFunctions} |\n`;
    comment += `| Branches | ${branchPercent}% | ${coveredBranches}/${totalBranches} |\n\n`;
    
    // Coverage status
    const minCoverage = 10; // From .c8rc.json
    const overallGood = parseFloat(linePercent) >= minCoverage && parseFloat(functionPercent) >= minCoverage;
    comment += overallGood ? '✅ Coverage meets requirements!' : '⚠️ Coverage below threshold (10%)';
    
  } catch (error) {
    comment += '⚠️ Error parsing coverage data: ' + error.message;
  }
} else {
  comment += '❌ No coverage data found. Tests may have failed or coverage collection is not working properly.';
}

// Find existing comment
const { data: comments } = await github.rest.issues.listComments({
  owner: context.repo.owner,
  repo: context.repo.repo,
  issue_number: context.issue.number,
});

const existingComment = comments.find(comment => 
  comment.body.includes('📊 Clipper Coverage Report')
);

if (existingComment) {
  await github.rest.issues.updateComment({
    owner: context.repo.owner,
    repo: context.repo.repo,
    comment_id: existingComment.id,
    body: comment
  });
} else {
  await github.rest.issues.createComment({
    owner: context.repo.owner,
    repo: context.repo.repo,
    issue_number: context.issue.number,
    body: comment
  });
}

2025-08-22T02:12:11.5705809Z   github-token: ***
2025-08-22T02:12:11.5706005Z   debug: false
2025-08-22T02:12:11.5706202Z   user-agent: actions/github-script
2025-08-22T02:12:11.5706453Z   result-encoding: json
2025-08-22T02:12:11.5706642Z   retries: 0
2025-08-22T02:12:11.5706975Z   retry-exempt-status-codes: 400,401,403,404,422
2025-08-22T02:12:11.5707248Z ##[endgroup]
2025-08-22T02:12:12.3513393Z Post job cleanup.
2025-08-22T02:12:12.4445736Z [command]/usr/bin/git version
2025-08-22T02:12:12.4483175Z git version 2.51.0
2025-08-22T02:12:12.4528423Z Temporarily overriding HOME='/home/runner/work/_temp/782afb56-f769-4703-a61b-903fb3dfdf17' before making global git config changes
2025-08-22T02:12:12.4530305Z Adding repository directory to the temporary git global config as a safe directory
2025-08-22T02:12:12.4542091Z [command]/usr/bin/git config --global --add safe.directory /home/runner/work/seasoned-app/seasoned-app
2025-08-22T02:12:12.4574553Z [command]/usr/bin/git config --local --name-only --get-regexp core\.sshCommand
2025-08-22T02:12:12.4606022Z [command]/usr/bin/git submodule foreach --recursive sh -c "git config --local --name-only --get-regexp 'core\.sshCommand' && git config --local --unset-all 'core.sshCommand' || :"
2025-08-22T02:12:12.4831538Z [command]/usr/bin/git config --local --name-only --get-regexp http\.https\:\/\/github\.com\/\.extraheader
2025-08-22T02:12:12.4852295Z http.https://github.com/.extraheader
2025-08-22T02:12:12.4865154Z [command]/usr/bin/git config --local --unset-all http.https://github.com/.extraheader
2025-08-22T02:12:12.4896156Z [command]/usr/bin/git submodule foreach --recursive sh -c "git config --local --name-only --get-regexp 'http\.https\:\/\/github\.com\/\.extraheader' && git config --local --unset-all 'http.https://github.com/.extraheader' || :"
2025-08-22T02:12:12.5222039Z Cleaning up orphan processes
